=== RUN   TestJsoniterParallel
--- FAIL: TestJsoniterParallel (0.07s)
	assertions.go:247:

	Error Trace:	parallel_test.go:29

	Error:      	Not equal:
	            	expected: []byte{0x7b, 0x22, 0x5f, 0x69, 0x64, 0x22, 0x3a, 0x22, 0x35, 0x61, 0x38, 0x35, 0x33, 0x39, 0x39, 0x66, 0x37, 0x32, 0x63, 0x31, 0x66, 0x64, 0x30, 0x31, 0x35, 0x39, 0x38, 0x30, 0x30, 0x34, 0x61, 0x38, 0x22, 0x2c, 0x22, 0x61, 0x62, 0x6f, 0x75, 0x74, 0x22, 0x3a, 0x22, 0x53, 0x75, 0x6e, 0x74, 0x20, 0x69, 0x70, 0x73, 0x75, 0x6d, 0x20, 0x61, 0x6c, 0x69, 0x71, 0x75, 0x61, 0x20, 0x6e, 0x69, 0x73, 0x69, 0x20, 0x70, 0x61, 0x72, 0x69, 0x61, 0x74, 0x75, 0x72, 0x20, 0x6d, 0x69, 0x6e, 0x69, 0x6d, 0x2e, 0x20, 0x44, 0x65, 0x73, 0x65, 0x72, 0x75, 0x6e, 0x74, 0x20, 0x63, 0x75, 0x6c, 0x70, 0x61, 0x20, 0x70, 0x61, 0x72, 0x69, 0x61, 0x74, 0x75, 0x72, 0x20, 0x63, 0x75, 0x70, 0x69, 0x64, 0x61, 0x74, 0x61, 0x74, 0x20, 0x76, 0x65, 0x6c, 0x69, 0x74, 0x2e, 0x20, 0x45, 0x73, 0x73, 0x65, 0x20, 0x73, 0x75, 0x6e, 0x74, 0x20, 0x64, 0x6f, 0x6c, 0x6f, 0x72, 0x20, 0x6e, 0x6f, 0x6e, 0x20, 0x64, 0x6f, 0x20, 0x65, 0x6c, 0x69, 0x74, 0x20, 0x65, 0x78, 0x63, 0x65, 0x70, 0x74, 0x65, 0x75, 0x72, 0x20, 0x6e, 0x75, 0x6c, 0x6c, 0x61, 0x20, 0x64, 0x6f, 0x6c, 0x6f, 0x72, 0x20, 0x71, 0x75, 0x69, 0x73, 0x20, 0x70, 0x72, 0x6f, 0x69, 0x64, 0x65, 0x6e, 0x74, 0x20, 0x69, 0x6e, 0x20, 0x75, 0x6c, 0x6c, 0x61, 0x6d, 0x63, 0x6f, 0x2e, 0x5c, 0x72, 0x5c, 0x6e, 0x22, 0x2c, 0x22, 0x61, 0x64, 0x64, 0x72, 0x65, 0x73, 0x73, 0x22, 0x3a, 0x22, 0x38, 0x38, 0x34, 0x20, 0x56, 0x61, 0x72, 0x69, 0x63, 0x6b, 0x20, 0x53, 0x74, 0x72, 0x65, 0x65, 0x74, 0x2c, 0x20, 0x43, 0x61, 0x7a, 0x61, 0x64, 0x65, 0x72, 0x6f, 0x2c, 0x20, 0x4d, 0x69, 0x73, 0x73, 0x6f, 0x75, 0x72, 0x69, 0x2c, 0x20, 0x38, 0x31, 0x37, 0x39, 0x22, 0x2c, 0x22, 0x61, 0x67, 0x65, 0x22, 0x3a, 0x32, 0x35, 0x2c, 0x22, 0x62, 0x61, 0x6c, 0x61, 0x6e, 0x63, 0x65, 0x22, 0x3a, 0x22, 0x24, 0x33, 0x2c, 0x30, 0x31, 0x32, 0x2e, 0x32, 0x30, 0x22, 0x2c, 0x22, 0x63, 0x6f, 0x6d, 0x70, 0x61, 0x6e, 0x79, 0x22, 0x3a, 0x22, 0x4a, 0x55, 0x4e, 0x49, 0x50, 0x4f, 0x4f, 0x52, 0x22, 0x2c, 0x22, 0x65, 0x6d, 0x61, 0x69, 0x6c, 0x22, 0x3a, 0x22, 0x76, 0x65, 0x6c, 0x61, 0x7a, 0x71, 0x75, 0x65, 0x7a, 0x6a, 0x65, 0x6e, 0x73, 0x65, 0x6e, 0x40, 0x6a, 0x75, 0x6e, 0x69, 0x70, 0x6f, 0x6f, 0x72, 0x2e, 0x63, 0x6f, 0x6d, 0x22, 0x2c, 0x22, 0x65, 0x79, 0x65, 0x43, 0x6f, 0x6c, 0x6f, 0x72, 0x22, 0x3a, 0x22, 0x67, 0x72, 0x65, 0x65, 0x6e, 0x22, 0x2c, 0x22, 0x66, 0x61, 0x76, 0x6f, 0x72, 0x69, 0x74, 0x65, 0x46, 0x72, 0x75, 0x69, 0x74, 0x22, 0x3a, 0x22, 0x62, 0x61, 0x6e, 0x61, 0x6e, 0x61, 0x22, 0x2c, 0x22, 0x66, 0x72, 0x69, 0x65, 0x6e, 0x64, 0x73, 0x22, 0x3a, 0x5b, 0x7b, 0x22, 0x69, 0x64, 0x22, 0x3a, 0x30, 0x2c, 0x22, 0x6e, 0x61, 0x6d, 0x65, 0x22, 0x3a, 0x22, 0x4c, 0x69, 0x6e, 0x64, 0x73, 0x61, 0x79, 0x20, 0x54, 0x72, 0x65, 0x76, 0x69, 0x6e, 0x6f, 0x22, 0x7d, 0x2c, 0x7b, 0x22, 0x69, 0x64, 0x22, 0x3a, 0x31, 0x2c, 0x22, 0x6e, 0x61, 0x6d, 0x65, 0x22, 0x3a, 0x22, 0x4c, 0x61, 0x75, 0x72, 0x65, 0x6e, 0x20, 0x46, 0x75, 0x6c, 0x74, 0x6f, 0x6e, 0x22, 0x7d, 0x2c, 0x7b, 0x22, 0x69, 0x64, 0x22, 0x3a, 0x32, 0x2c, 0x22, 0x6e, 0x61, 0x6d, 0x65, 0x22, 0x3a, 0x22, 0x44, 0x75, 0x72, 0x61, 0x6e, 0x20, 0x5a, 0x69, 0x6d, 0x6d, 0x65, 0x72, 0x6d, 0x61, 0x6e, 0x22, 0x7d, 0x5d, 0x2c, 0x22, 0x67, 0x65, 0x6e, 0x64, 0x65, 0x72, 0x22, 0x3a, 0x22, 0x6d, 0x61, 0x6c, 0x65, 0x22, 0x2c, 0x22, 0x67, 0x72, 0x65, 0x65, 0x74, 0x69, 0x6e, 0x67, 0x22, 0x3a, 0x22, 0x48, 0x65, 0x6c, 0x6c, 0x6f, 0x2c, 0x20, 0x56, 0x65, 0x6c, 0x61, 0x7a, 0x71, 0x75, 0x65, 0x7a, 0x20, 0x4a, 0x65, 0x6e, 0x73, 0x65, 0x6e, 0x21, 0x20, 0x59, 0x6f, 0x75, 0x20, 0x68, 0x61, 0x76, 0x65, 0x20, 0x33, 0x20, 0x75, 0x6e, 0x72, 0x65, 0x61, 0x64, 0x20, 0x6d, 0x65, 0x73, 0x73, 0x61, 0x67, 0x65, 0x73, 0x2e, 0x22, 0x2c, 0x22, 0x67, 0x75, 0x69, 0x64, 0x22, 0x3a, 0x22, 0x33, 0x37, 0x39, 0x38, 0x66, 0x36, 0x61, 0x36, 0x2d, 0x65, 0x34, 0x65, 0x37, 0x2d, 0x34, 0x31, 0x38, 0x33, 0x2d, 0x38, 0x39, 0x34, 0x35, 0x2d, 0x63, 0x36, 0x36, 0x63, 0x65, 0x35, 0x65, 0x39, 0x62, 0x30, 0x33, 0x62, 0x22, 0x2c, 0x22, 0x69, 0x6e, 0x64, 0x65, 0x78, 0x22, 0x3a, 0x32, 0x34, 0x2c, 0x22, 0x69, 0x73, 0x41, 0x63, 0x74, 0x69, 0x76, 0x65, 0x22, 0x3a, 0x74, 0x72, 0x75, 0x65, 0x2c, 0x22, 0x6c, 0x61, 0x74, 0x69, 0x74, 0x75, 0x64, 0x65, 0x22, 0x3a, 0x38, 0x38, 0x2e, 0x36, 0x39, 0x37, 0x35, 0x31, 0x39, 0x2c, 0x22, 0x6c, 0x6f, 0x6e, 0x67, 0x69, 0x74, 0x75, 0x64, 0x65, 0x22, 0x3a, 0x2d, 0x30, 0x2e, 0x36, 0x39, 0x38, 0x34, 0x37, 0x34, 0x2c, 0x22, 0x6e, 0x61, 0x6d, 0x65, 0x22, 0x3a, 0x22, 0x56, 0x65, 0x6c, 0x61, 0x7a, 0x71, 0x75, 0x65, 0x7a, 0x20, 0x4a, 0x65, 0x6e, 0x73, 0x65, 0x6e, 0x22, 0x2c, 0x22, 0x70, 0x68, 0x6f, 0x6e, 0x65, 0x22, 0x3a, 0x22, 0x2b, 0x31, 0x20, 0x28, 0x38, 0x30, 0x39, 0x29, 0x20, 0x34, 0x39, 0x33, 0x2d, 0x32, 0x32, 0x36, 0x37, 0x22, 0x2c, 0x22, 0x70, 0x69, 0x63, 0x74, 0x75, 0x72, 0x65, 0x22, 0x3a, 0x22, 0x68, 0x74, 0x74, 0x70, 0x3a, 0x2f, 0x2f, 0x70, 0x6c, 0x61, 0x63, 0x65, 0x68, 0x6f, 0x6c, 0x64, 0x2e, 0x69, 0x74, 0x2f, 0x33, 0x32, 0x78, 0x33, 0x32, 0x22, 0x2c, 0x22, 0x72, 0x65, 0x67, 0x69, 0x73, 0x74, 0x65, 0x72, 0x65, 0x64, 0x22, 0x3a, 0x22, 0x32, 0x30, 0x31, 0x34, 0x2d, 0x30, 0x36, 0x2d, 0x31, 0x35, 0x54, 0x30, 0x32, 0x3a, 0x31, 0x35, 0x3a, 0x34, 0x38, 0x20, 0x2d, 0x30, 0x36, 0x3a, 0x2d, 0x33, 0x30, 0x22, 0x2c, 0x22, 0x74, 0x61, 0x67, 0x73, 0x22, 0x3a, 0x5b, 0x22, 0x6e, 0x69, 0x73, 0x69, 0x22, 0x2c, 0x22, 0x63, 0x6f, 0x6e, 0x73, 0x65, 0x71, 0x75, 0x61, 0x74, 0x22, 0x2c, 0x22, 0x65, 0x6c, 0x69, 0x74, 0x22, 0x2c, 0x22, 0x69, 0x6e, 0x22, 0x2c, 0x22, 0x65, 0x75, 0x22, 0x2c, 0x22, 0x69, 0x6e, 0x22, 0x2c, 0x22, 0x63, 0x6f, 0x6d, 0x6d, 0x6f, 0x64, 0x6f, 0x22, 0x5d, 0x7d}
	            	actual  : []byte{0x7b, 0x22, 0x5f, 0x69, 0x64, 0x22, 0x3a, 0x22, 0x35, 0x61, 0x38, 0x35, 0x33, 0x39, 0x39, 0x66, 0x37, 0x33, 0x39, 0x30, 0x61, 0x31, 0x37, 0x38, 0x61, 0x37, 0x35, 0x34, 0x39, 0x64, 0x35, 0x33, 0x22, 0x2c, 0x22, 0x61, 0x62, 0x6f, 0x75, 0x74, 0x22, 0x3a, 0x22, 0x43, 0x69, 0x6c, 0x6c, 0x75, 0x6d, 0x20, 0x63, 0x75, 0x70, 0x69, 0x64, 0x61, 0x74, 0x61, 0x74, 0x20, 0x6c, 0x61, 0x62, 0x6f, 0x72, 0x75, 0x6d, 0x20, 0x64, 0x6f, 0x6c, 0x6f, 0x72, 0x20, 0x75, 0x6c, 0x6c, 0x61, 0x6d, 0x63, 0x6f, 0x20, 0x76, 0x6f, 0x6c, 0x75, 0x70, 0x74, 0x61, 0x74, 0x65, 0x20, 0x6c, 0x61, 0x62, 0x6f, 0x72, 0x69, 0x73, 0x20, 0x6d, 0x61, 0x67, 0x6e, 0x61, 0x20, 0x73, 0x69, 0x6e, 0x74, 0x20, 0x61, 0x64, 0x69, 0x70, 0x69, 0x73, 0x69, 0x63, 0x69, 0x6e, 0x67, 0x20, 0x6f, 0x66, 0x66, 0x69, 0x63, 0x69, 0x61, 0x20, 0x76, 0x65, 0x6c, 0x69, 0x74, 0x2e, 0x20, 0x53, 0x69, 0x6e, 0x74, 0x20, 0x6d, 0x69, 0x6e, 0x69, 0x6d, 0x20, 0x65, 0x78, 0x63, 0x65, 0x70, 0x74, 0x65, 0x75, 0x72, 0x20, 0x6d, 0x6f, 0x6c, 0x6c, 0x69, 0x74, 0x20, 0x69, 0x6e, 0x20, 0x71, 0x75, 0x69, 0x73, 0x20, 0x65, 0x78, 0x63, 0x65, 0x70, 0x74, 0x65, 0x75, 0x72, 0x2e, 0x20, 0x45, 0x74, 0x20, 0x6d, 0x61, 0x67, 0x6e, 0x61, 0x20, 0x64, 0x6f, 0x20, 0x65, 0x78, 0x65, 0x72, 0x63, 0x69, 0x74, 0x61, 0x74, 0x69, 0x6f, 0x6e, 0x20, 0x65, 0x73, 0x73, 0x65, 0x20, 0x69, 0x72, 0x75, 0x72, 0x65, 0x20, 0x69, 0x6e, 0x63, 0x69, 0x64, 0x69, 0x64, 0x75, 0x6e, 0x74, 0x20, 0x73, 0x69, 0x6e, 0x74, 0x20, 0x71, 0x75, 0x69, 0x73, 0x20, 0x4c, 0x6f, 0x72, 0x65, 0x6d, 0x20, 0x63, 0x69, 0x6c, 0x6c, 0x75, 0x6d, 0x20, 0x71, 0x75, 0x69, 0x2e, 0x20, 0x45, 0x6c, 0x69, 0x74, 0x20, 0x6c, 0x61, 0x62, 0x6f, 0x72, 0x69, 0x73, 0x20, 0x69, 0x70, 0x73, 0x75, 0x6d, 0x20, 0x6d, 0x69, 0x6e, 0x69, 0x6d, 0x20, 0x6e, 0x75, 0x6c, 0x6c, 0x61, 0x20, 0x63, 0x75, 0x6c, 0x70, 0x61, 0x20, 0x65, 0x74, 0x20, 0x64, 0x6f, 0x6c, 0x6f, 0x72, 0x65, 0x20, 0x73, 0x75, 0x6e, 0x74, 0x20, 0x6f, 0x63, 0x63, 0x61, 0x65, 0x63, 0x61, 0x74, 0x20, 0x76, 0x6f, 0x6c, 0x75, 0x70, 0x74, 0x61, 0x74, 0x65, 0x20, 0x65, 0x74, 0x2e, 0x5c, 0x72, 0x5c, 0x6e, 0x22, 0x2c, 0x22, 0x61, 0x64, 0x64, 0x72, 0x65, 0x73, 0x73, 0x22, 0x3a, 0x22, 0x33, 0x38, 0x33, 0x20, 0x52, 0x65, 0x76, 0x65, 0x72, 0x65, 0x20, 0x50, 0x6c, 0x61, 0x63, 0x65, 0x2c, 0x20, 0x42, 0x6c, 0x75, 0x66, 0x66, 0x76, 0x69, 0x65, 0x77, 0x2c, 0x20, 0x53, 0x6f, 0x75, 0x74, 0x68, 0x20, 0x44, 0x61, 0x6b, 0x6f, 0x74, 0x61, 0x2c, 0x20, 0x39, 0x30, 0x32, 0x22, 0x2c, 0x22, 0x61, 0x67, 0x65, 0x22, 0x3a, 0x32, 0x37, 0x2c, 0x22, 0x62, 0x61, 0x6c, 0x61, 0x6e, 0x63, 0x65, 0x22, 0x3a, 0x22, 0x24, 0x31, 0x2c, 0x32, 0x39, 0x32, 0x2e, 0x39, 0x33, 0x22, 0x2c, 0x22, 0x63, 0x6f, 0x6d, 0x70, 0x61, 0x6e, 0x79, 0x22, 0x3a, 0x22, 0x50, 0x55, 0x4c, 0x5a, 0x45, 0x22, 0x2c, 0x22, 0x65, 0x6d, 0x61, 0x69, 0x6c, 0x22, 0x3a, 0x22, 0x63, 0x61, 0x72, 0x6f, 0x6c, 0x79, 0x6e, 0x67, 0x72, 0x65, 0x65, 0x72, 0x40, 0x70, 0x75, 0x6c, 0x7a, 0x65, 0x2e, 0x63, 0x6f, 0x6d, 0x22, 0x2c, 0x22, 0x65, 0x79, 0x65, 0x43, 0x6f, 0x6c, 0x6f, 0x72, 0x22, 0x3a, 0x22, 0x62, 0x6c, 0x75, 0x65, 0x22, 0x2c, 0x22, 0x66, 0x61, 0x76, 0x6f, 0x72, 0x69, 0x74, 0x65, 0x46, 0x72, 0x75, 0x69, 0x74, 0x22, 0x3a, 0x22, 0x62, 0x61, 0x6e, 0x61, 0x6e, 0x61, 0x22, 0x2c, 0x22, 0x66, 0x72, 0x69, 0x65, 0x6e, 0x64, 0x73, 0x22, 0x3a, 0x5b, 0x7b, 0x22, 0x69, 0x64, 0x22, 0x3a, 0x30, 0x2c, 0x22, 0x6e, 0x61, 0x6d, 0x65, 0x22, 0x3a, 0x22, 0x45, 0x77, 0x69, 0x6e, 0x67, 0x20, 0x48, 0x61, 0x6c, 0x65, 0x79, 0x22, 0x7d, 0x2c, 0x7b, 0x22, 0x69, 0x64, 0x22, 0x3a, 0x31, 0x2c, 0x22, 0x6e, 0x61, 0x6d, 0x65, 0x22, 0x3a, 0x22, 0x56, 0x61, 0x6c, 0x65, 0x72, 0x69, 0x61, 0x20, 0x42, 0x65, 0x61, 0x6e, 0x22, 0x7d, 0x2c, 0x7b, 0x22, 0x69, 0x64, 0x22, 0x3a, 0x32, 0x2c, 0x22, 0x6e, 0x61, 0x6d, 0x65, 0x22, 0x3a, 0x22, 0x49, 0x72, 0x6d, 0x61, 0x20, 0x57, 0x69, 0x6c, 0x6c, 0x69, 0x61, 0x6d, 0x73, 0x6f, 0x6e, 0x22, 0x7d, 0x5d, 0x2c, 0x22, 0x67, 0x65, 0x6e, 0x64, 0x65, 0x72, 0x22, 0x3a, 0x22, 0x66, 0x65, 0x6d, 0x61, 0x6c, 0x65, 0x22, 0x2c, 0x22, 0x67, 0x72, 0x65, 0x65, 0x74, 0x69, 0x6e, 0x67, 0x22, 0x3a, 0x22, 0x48, 0x65, 0x6c, 0x6c, 0x6f, 0x2c, 0x20, 0x43, 0x61, 0x72, 0x6f, 0x6c, 0x79, 0x6e, 0x20, 0x47, 0x72, 0x65, 0x65, 0x72, 0x21, 0x20, 0x59, 0x6f, 0x75, 0x20, 0x68, 0x61, 0x76, 0x65, 0x20, 0x31, 0x30, 0x20, 0x75, 0x6e, 0x72, 0x65, 0x61, 0x64, 0x20, 0x6d, 0x65, 0x73, 0x73, 0x61, 0x67, 0x65, 0x73, 0x2e, 0x22, 0x2c, 0x22, 0x67, 0x75, 0x69, 0x64, 0x22, 0x3a, 0x22, 0x66, 0x32, 0x61, 0x66, 0x30, 0x34, 0x39, 0x38, 0x2d, 0x36, 0x65, 0x37, 0x32, 0x2d, 0x34, 0x35, 0x31, 0x35, 0x2d, 0x39, 0x31, 0x31, 0x34, 0x2d, 0x65, 0x63, 0x33, 0x32, 0x65, 0x36, 0x38, 0x61, 0x65, 0x35, 0x36, 0x39, 0x22, 0x2c, 0x22, 0x69, 0x6e, 0x64, 0x65, 0x78, 0x22, 0x3a, 0x35, 0x33, 0x2c, 0x22, 0x69, 0x73, 0x41, 0x63, 0x74, 0x69, 0x76, 0x65, 0x22, 0x3a, 0x66, 0x61, 0x6c, 0x73, 0x65, 0x2c, 0x22, 0x6c, 0x61, 0x74, 0x69, 0x74, 0x75, 0x64, 0x65, 0x22, 0x3a, 0x2d, 0x37, 0x34, 0x2e, 0x32, 0x35, 0x31, 0x31, 0x33, 0x35, 0x2c, 0x22, 0x6c, 0x6f, 0x6e, 0x67, 0x69, 0x74, 0x75, 0x64, 0x65, 0x22, 0x3a, 0x2d, 0x31, 0x31, 0x34, 0x2e, 0x39, 0x37, 0x32, 0x30, 0x34, 0x35, 0x2c, 0x22, 0x6e, 0x61, 0x6d, 0x65, 0x22, 0x3a, 0x22, 0x43, 0x61, 0x72, 0x6f, 0x6c, 0x79, 0x6e, 0x20, 0x47, 0x72, 0x65, 0x65, 0x72, 0x22, 0x2c, 0x22, 0x70, 0x68, 0x6f, 0x6e, 0x65, 0x22, 0x3a, 0x22, 0x2b, 0x31, 0x20, 0x28, 0x38, 0x31, 0x31, 0x29, 0x20, 0x34, 0x33, 0x38, 0x2d, 0x32, 0x39, 0x35, 0x39, 0x22, 0x2c, 0x22, 0x70, 0x69, 0x63, 0x74, 0x75, 0x72, 0x65, 0x22, 0x3a, 0x22, 0x68, 0x74, 0x74, 0x70, 0x3a}

	            	Diff:
	            	--- Expected
	            	+++ Actual

	            	@@ -2,58 +2,58 @@

	            	  00000000  7b 22 5f 69 64 22 3a 22  35 61 38 35 33 39 39 66  |{"_id":"5a85399f|
                    - 00000010  37 32 63 31 66 64 30 31  35 39 38 30 30 34 61 38  |72c1fd01598004a8|
                    - 00000020  22 2c 22 61 62 6f 75 74  22 3a 22 53 75 6e 74 20  |","about":"Sunt |
                    - 00000030  69 70 73 75 6d 20 61 6c  69 71 75 61 20 6e 69 73  |ipsum aliqua nis|
                    - 00000040  69 20 70 61 72 69 61 74  75 72 20 6d 69 6e 69 6d  |i pariatur minim|
                    - 00000050  2e 20 44 65 73 65 72 75  6e 74 20 63 75 6c 70 61  |. Deserunt culpa|
                    - 00000060  20 70 61 72 69 61 74 75  72 20 63 75 70 69 64 61  | pariatur cupida|
                    - 00000070  74 61 74 20 76 65 6c 69  74 2e 20 45 73 73 65 20  |tat velit. Esse |
                    - 00000080  73 75 6e 74 20 64 6f 6c  6f 72 20 6e 6f 6e 20 64  |sunt dolor non d|
                    - 00000090  6f 20 65 6c 69 74 20 65  78 63 65 70 74 65 75 72  |o elit excepteur|
                    - 000000a0  20 6e 75 6c 6c 61 20 64  6f 6c 6f 72 20 71 75 69  | nulla dolor qui|
                    - 000000b0  73 20 70 72 6f 69 64 65  6e 74 20 69 6e 20 75 6c  |s proident in ul|
                    - 000000c0  6c 61 6d 63 6f 2e 5c 72  5c 6e 22 2c 22 61 64 64  |lamco.\r\n","add|
                    - 000000d0  72 65 73 73 22 3a 22 38  38 34 20 56 61 72 69 63  |ress":"884 Varic|
                    - 000000e0  6b 20 53 74 72 65 65 74  2c 20 43 61 7a 61 64 65  |k Street, Cazade|
                    - 000000f0  72 6f 2c 20 4d 69 73 73  6f 75 72 69 2c 20 38 31  |ro, Missouri, 81|
                    - 00000100  37 39 22 2c 22 61 67 65  22 3a 32 35 2c 22 62 61  |79","age":25,"ba|
                    - 00000110  6c 61 6e 63 65 22 3a 22  24 33 2c 30 31 32 2e 32  |lance":"$3,012.2|
                    - 00000120  30 22 2c 22 63 6f 6d 70  61 6e 79 22 3a 22 4a 55  |0","company":"JU|
                    - 00000130  4e 49 50 4f 4f 52 22 2c  22 65 6d 61 69 6c 22 3a  |NIPOOR","email":|
                    - 00000140  22 76 65 6c 61 7a 71 75  65 7a 6a 65 6e 73 65 6e  |"velazquezjensen|
                    - 00000150  40 6a 75 6e 69 70 6f 6f  72 2e 63 6f 6d 22 2c 22  |@junipoor.com","|
                    - 00000160  65 79 65 43 6f 6c 6f 72  22 3a 22 67 72 65 65 6e  |eyeColor":"green|
                    - 00000170  22 2c 22 66 61 76 6f 72  69 74 65 46 72 75 69 74  |","favoriteFruit|
                    - 00000180  22 3a 22 62 61 6e 61 6e  61 22 2c 22 66 72 69 65  |":"banana","frie|
                    - 00000190  6e 64 73 22 3a 5b 7b 22  69 64 22 3a 30 2c 22 6e  |nds":[{"id":0,"n|
                    - 000001a0  61 6d 65 22 3a 22 4c 69  6e 64 73 61 79 20 54 72  |ame":"Lindsay Tr|
                    - 000001b0  65 76 69 6e 6f 22 7d 2c  7b 22 69 64 22 3a 31 2c  |evino"},{"id":1,|
                    - 000001c0  22 6e 61 6d 65 22 3a 22  4c 61 75 72 65 6e 20 46  |"name":"Lauren F|
                    - 000001d0  75 6c 74 6f 6e 22 7d 2c  7b 22 69 64 22 3a 32 2c  |ulton"},{"id":2,|
                    - 000001e0  22 6e 61 6d 65 22 3a 22  44 75 72 61 6e 20 5a 69  |"name":"Duran Zi|
                    - 000001f0  6d 6d 65 72 6d 61 6e 22  7d 5d 2c 22 67 65 6e 64  |mmerman"}],"gend|
                    - 00000200  65 72 22 3a 22 6d 61 6c  65 22 2c 22 67 72 65 65  |er":"male","gree|
                    - 00000210  74 69 6e 67 22 3a 22 48  65 6c 6c 6f 2c 20 56 65  |ting":"Hello, Ve|
                    - 00000220  6c 61 7a 71 75 65 7a 20  4a 65 6e 73 65 6e 21 20  |lazquez Jensen! |
                    - 00000230  59 6f 75 20 68 61 76 65  20 33 20 75 6e 72 65 61  |You have 3 unrea|
                    - 00000240  64 20 6d 65 73 73 61 67  65 73 2e 22 2c 22 67 75  |d messages.","gu|
                    - 00000250  69 64 22 3a 22 33 37 39  38 66 36 61 36 2d 65 34  |id":"3798f6a6-e4|
                    - 00000260  65 37 2d 34 31 38 33 2d  38 39 34 35 2d 63 36 36  |e7-4183-8945-c66|
                    - 00000270  63 65 35 65 39 62 30 33  62 22 2c 22 69 6e 64 65  |ce5e9b03b","inde|
                    - 00000280  78 22 3a 32 34 2c 22 69  73 41 63 74 69 76 65 22  |x":24,"isActive"|
                    - 00000290  3a 74 72 75 65 2c 22 6c  61 74 69 74 75 64 65 22  |:true,"latitude"|
                    - 000002a0  3a 38 38 2e 36 39 37 35  31 39 2c 22 6c 6f 6e 67  |:88.697519,"long|
                    - 000002b0  69 74 75 64 65 22 3a 2d  30 2e 36 39 38 34 37 34  |itude":-0.698474|
                    - 000002c0  2c 22 6e 61 6d 65 22 3a  22 56 65 6c 61 7a 71 75  |,"name":"Velazqu|
                    - 000002d0  65 7a 20 4a 65 6e 73 65  6e 22 2c 22 70 68 6f 6e  |ez Jensen","phon|
                    - 000002e0  65 22 3a 22 2b 31 20 28  38 30 39 29 20 34 39 33  |e":"+1 (809) 493|
                    - 000002f0  2d 32 32 36 37 22 2c 22  70 69 63 74 75 72 65 22  |-2267","picture"|
                    - 00000300  3a 22 68 74 74 70 3a 2f  2f 70 6c 61 63 65 68 6f  |:"http://placeho|
                    - 00000310  6c 64 2e 69 74 2f 33 32  78 33 32 22 2c 22 72 65  |ld.it/32x32","re|
                    - 00000320  67 69 73 74 65 72 65 64  22 3a 22 32 30 31 34 2d  |gistered":"2014-|
                    - 00000330  30 36 2d 31 35 54 30 32  3a 31 35 3a 34 38 20 2d  |06-15T02:15:48 -|
                    - 00000340  30 36 3a 2d 33 30 22 2c  22 74 61 67 73 22 3a 5b  |06:-30","tags":[|
                    - 00000350  22 6e 69 73 69 22 2c 22  63 6f 6e 73 65 71 75 61  |"nisi","consequa|
                    - 00000360  74 22 2c 22 65 6c 69 74  22 2c 22 69 6e 22 2c 22  |t","elit","in","|
                    - 00000370  65 75 22 2c 22 69 6e 22  2c 22 63 6f 6d 6d 6f 64  |eu","in","commod|
                    - 00000380  6f 22 5d 7d                                       |o"]}|

	            	+ 00000010  37 33 39 30 61 31 37 38  61 37 35 34 39 64 35 33  |7390a178a7549d53|
	            	+ 00000020  22 2c 22 61 62 6f 75 74  22 3a 22 43 69 6c 6c 75  |","about":"Cillu|
	            	+ 00000030  6d 20 63 75 70 69 64 61  74 61 74 20 6c 61 62 6f  |m cupidatat labo|
	            	+ 00000040  72 75 6d 20 64 6f 6c 6f  72 20 75 6c 6c 61 6d 63  |rum dolor ullamc|
	            	+ 00000050  6f 20 76 6f 6c 75 70 74  61 74 65 20 6c 61 62 6f  |o voluptate labo|
	            	+ 00000060  72 69 73 20 6d 61 67 6e  61 20 73 69 6e 74 20 61  |ris magna sint a|
	            	+ 00000070  64 69 70 69 73 69 63 69  6e 67 20 6f 66 66 69 63  |dipisicing offic|
	            	+ 00000080  69 61 20 76 65 6c 69 74  2e 20 53 69 6e 74 20 6d  |ia velit. Sint m|
	            	+ 00000090  69 6e 69 6d 20 65 78 63  65 70 74 65 75 72 20 6d  |inim excepteur m|
	            	+ 000000a0  6f 6c 6c 69 74 20 69 6e  20 71 75 69 73 20 65 78  |ollit in quis ex|
	            	+ 000000b0  63 65 70 74 65 75 72 2e  20 45 74 20 6d 61 67 6e  |cepteur. Et magn|
	            	+ 000000c0  61 20 64 6f 20 65 78 65  72 63 69 74 61 74 69 6f  |a do exercitatio|
	            	+ 000000d0  6e 20 65 73 73 65 20 69  72 75 72 65 20 69 6e 63  |n esse irure inc|
	            	+ 000000e0  69 64 69 64 75 6e 74 20  73 69 6e 74 20 71 75 69  |ididunt sint qui|
	            	+ 000000f0  73 20 4c 6f 72 65 6d 20  63 69 6c 6c 75 6d 20 71  |s Lorem cillum q|
	            	+ 00000100  75 69 2e 20 45 6c 69 74  20 6c 61 62 6f 72 69 73  |ui. Elit laboris|
	            	+ 00000110  20 69 70 73 75 6d 20 6d  69 6e 69 6d 20 6e 75 6c  | ipsum minim nul|
	            	+ 00000120  6c 61 20 63 75 6c 70 61  20 65 74 20 64 6f 6c 6f  |la culpa et dolo|
	            	+ 00000130  72 65 20 73 75 6e 74 20  6f 63 63 61 65 63 61 74  |re sunt occaecat|
	            	+ 00000140  20 76 6f 6c 75 70 74 61  74 65 20 65 74 2e 5c 72  | voluptate et.\r|
	            	+ 00000150  5c 6e 22 2c 22 61 64 64  72 65 73 73 22 3a 22 33  |\n","address":"3|
	            	+ 00000160  38 33 20 52 65 76 65 72  65 20 50 6c 61 63 65 2c  |83 Revere Place,|
	            	+ 00000170  20 42 6c 75 66 66 76 69  65 77 2c 20 53 6f 75 74  | Bluffview, Sout|
	            	+ 00000180  68 20 44 61 6b 6f 74 61  2c 20 39 30 32 22 2c 22  |h Dakota, 902","|
	            	+ 00000190  61 67 65 22 3a 32 37 2c  22 62 61 6c 61 6e 63 65  |age":27,"balance|
	            	+ 000001a0  22 3a 22 24 31 2c 32 39  32 2e 39 33 22 2c 22 63  |":"$1,292.93","c|
	            	+ 000001b0  6f 6d 70 61 6e 79 22 3a  22 50 55 4c 5a 45 22 2c  |ompany":"PULZE",|
	            	+ 000001c0  22 65 6d 61 69 6c 22 3a  22 63 61 72 6f 6c 79 6e  |"email":"carolyn|
	            	+ 000001d0  67 72 65 65 72 40 70 75  6c 7a 65 2e 63 6f 6d 22  |greer@pulze.com"|
	            	+ 000001e0  2c 22 65 79 65 43 6f 6c  6f 72 22 3a 22 62 6c 75  |,"eyeColor":"blu|
	            	+ 000001f0  65 22 2c 22 66 61 76 6f  72 69 74 65 46 72 75 69  |e","favoriteFrui|
	            	+ 00000200  74 22 3a 22 62 61 6e 61  6e 61 22 2c 22 66 72 69  |t":"banana","fri|
	            	+ 00000210  65 6e 64 73 22 3a 5b 7b  22 69 64 22 3a 30 2c 22  |ends":[{"id":0,"|
	            	+ 00000220  6e 61 6d 65 22 3a 22 45  77 69 6e 67 20 48 61 6c  |name":"Ewing Hal|
	            	+ 00000230  65 79 22 7d 2c 7b 22 69  64 22 3a 31 2c 22 6e 61  |ey"},{"id":1,"na|
	            	+ 00000240  6d 65 22 3a 22 56 61 6c  65 72 69 61 20 42 65 61  |me":"Valeria Bea|
	            	+ 00000250  6e 22 7d 2c 7b 22 69 64  22 3a 32 2c 22 6e 61 6d  |n"},{"id":2,"nam|
	            	+ 00000260  65 22 3a 22 49 72 6d 61  20 57 69 6c 6c 69 61 6d  |e":"Irma William|
	            	+ 00000270  73 6f 6e 22 7d 5d 2c 22  67 65 6e 64 65 72 22 3a  |son"}],"gender":|
	            	+ 00000280  22 66 65 6d 61 6c 65 22  2c 22 67 72 65 65 74 69  |"female","greeti|
	            	+ 00000290  6e 67 22 3a 22 48 65 6c  6c 6f 2c 20 43 61 72 6f  |ng":"Hello, Caro|
	            	+ 000002a0  6c 79 6e 20 47 72 65 65  72 21 20 59 6f 75 20 68  |lyn Greer! You h|
	            	+ 000002b0  61 76 65 20 31 30 20 75  6e 72 65 61 64 20 6d 65  |ave 10 unread me|
	            	+ 000002c0  73 73 61 67 65 73 2e 22  2c 22 67 75 69 64 22 3a  |ssages.","guid":|
	            	+ 000002d0  22 66 32 61 66 30 34 39  38 2d 36 65 37 32 2d 34  |"f2af0498-6e72-4|
	            	+ 000002e0  35 31 35 2d 39 31 31 34  2d 65 63 33 32 65 36 38  |515-9114-ec32e68|
	            	+ 000002f0  61 65 35 36 39 22 2c 22  69 6e 64 65 78 22 3a 35  |ae569","index":5|
	            	+ 00000300  33 2c 22 69 73 41 63 74  69 76 65 22 3a 66 61 6c  |3,"isActive":fal|
	            	+ 00000310  73 65 2c 22 6c 61 74 69  74 75 64 65 22 3a 2d 37  |se,"latitude":-7|
	            	+ 00000320  34 2e 32 35 31 31 33 35  2c 22 6c 6f 6e 67 69 74  |4.251135,"longit|
	            	+ 00000330  75 64 65 22 3a 2d 31 31  34 2e 39 37 32 30 34 35  |ude":-114.972045|
	            	+ 00000340  2c 22 6e 61 6d 65 22 3a  22 43 61 72 6f 6c 79 6e  |,"name":"Carolyn|
	            	+ 00000350  20 47 72 65 65 72 22 2c  22 70 68 6f 6e 65 22 3a  | Greer","phone":|
	            	+ 00000360  22 2b 31 20 28 38 31 31  29 20 34 33 38 2d 32 39  |"+1 (811) 438-29|
	            	+ 00000370  35 39 22 2c 22 70 69 63  74 75 72 65 22 3a 22 68  |59","picture":"h|
	            	+ 00000380  74 74 70 3a                                       |ttp:|
	            	 }

	Test:       	TestJsoniterParallel

	Messages:   	marshalled values different at index 24
	assertions.go:247:

	Error Trace:	parallel_test.go:29

	Error:      	Not equal:
	            	expected: []byte{0x7b, 0x22, 0x5f, 0x69, 0x64, 0x22, 0x3a, 0x22, 0x35, 0x61, 0x38, 0x35, 0x33, 0x39, 0x39, 0x66, 0x62, 0x33, 0x32, 0x64, 0x62, 0x35, 0x34, 0x32, 0x34, 0x34, 0x36, 0x64, 0x37, 0x32, 0x38, 0x33, 0x22, 0x2c, 0x22, 0x61, 0x62, 0x6f, 0x75, 0x74, 0x22, 0x3a, 0x22, 0x43, 0x6f, 0x6e, 0x73, 0x65, 0x63, 0x74, 0x65, 0x74, 0x75, 0x72, 0x20, 0x6d, 0x6f, 0x6c, 0x6c, 0x69, 0x74, 0x20, 0x6d, 0x61, 0x67, 0x6e, 0x61, 0x20, 0x6d, 0x6f, 0x6c, 0x6c, 0x69, 0x74, 0x20, 0x66, 0x75, 0x67, 0x69, 0x61, 0x74, 0x20, 0x65, 0x6e, 0x69, 0x6d, 0x20, 0x63, 0x6f, 0x6d, 0x6d, 0x6f, 0x64, 0x6f, 0x2e, 0x20, 0x4e, 0x6f, 0x6e, 0x20, 0x75, 0x74, 0x20, 0x65, 0x61, 0x20, 0x65, 0x6e, 0x69, 0x6d, 0x20, 0x63, 0x75, 0x6c, 0x70, 0x61, 0x20, 0x73, 0x69, 0x6e, 0x74, 0x2e, 0x20, 0x45, 0x61, 0x20, 0x65, 0x6c, 0x69, 0x74, 0x20, 0x65, 0x78, 0x63, 0x65, 0x70, 0x74, 0x65, 0x75, 0x72, 0x20, 0x64, 0x6f, 0x20, 0x6d, 0x61, 0x67, 0x6e, 0x61, 0x2e, 0x5c, 0x72, 0x5c, 0x6e, 0x22, 0x2c, 0x22, 0x61, 0x64, 0x64, 0x72, 0x65, 0x73, 0x73, 0x22, 0x3a, 0x22, 0x33, 0x38, 0x35, 0x20, 0x56, 0x69, 0x73, 0x69, 0x74, 0x61, 0x74, 0x69, 0x6f, 0x6e, 0x20, 0x50, 0x6c, 0x61, 0x63, 0x65, 0x2c, 0x20, 0x42, 0x65, 0x65, 0x63, 0x68, 0x6d, 0x6f, 0x6e, 0x74, 0x2c, 0x20, 0x41, 0x72, 0x69, 0x7a, 0x6f, 0x6e, 0x61, 0x2c, 0x20, 0x38, 0x39, 0x34, 0x35, 0x22, 0x2c, 0x22, 0x61, 0x67, 0x65, 0x22, 0x3a, 0x33, 0x37, 0x2c, 0x22, 0x62, 0x61, 0x6c, 0x61, 0x6e, 0x63, 0x65, 0x22, 0x3a, 0x22, 0x24, 0x33, 0x2c, 0x38, 0x30, 0x39, 0x2e, 0x31, 0x34, 0x22, 0x2c, 0x22, 0x63, 0x6f, 0x6d, 0x70, 0x61, 0x6e, 0x79, 0x22, 0x3a, 0x22, 0x45, 0x58, 0x4f, 0x53, 0x50, 0x45, 0x45, 0x44, 0x22, 0x2c, 0x22, 0x65, 0x6d, 0x61, 0x69, 0x6c, 0x22, 0x3a, 0x22, 0x73, 0x69, 0x6d, 0x6d, 0x6f, 0x6e, 0x73, 0x70, 0x61, 0x64, 0x69, 0x6c, 0x6c, 0x61, 0x40, 0x65, 0x78, 0x6f, 0x73, 0x70, 0x65, 0x65, 0x64, 0x2e, 0x63, 0x6f, 0x6d, 0x22, 0x2c, 0x22, 0x65, 0x79, 0x65, 0x43, 0x6f, 0x6c, 0x6f, 0x72, 0x22, 0x3a, 0x22, 0x62, 0x6c, 0x75, 0x65, 0x22, 0x2c, 0x22, 0x66, 0x61, 0x76, 0x6f, 0x72, 0x69, 0x74, 0x65, 0x46, 0x72, 0x75, 0x69, 0x74, 0x22, 0x3a, 0x22, 0x62, 0x61, 0x6e, 0x61, 0x6e, 0x61, 0x22, 0x2c, 0x22, 0x66, 0x72, 0x69, 0x65, 0x6e, 0x64, 0x73, 0x22, 0x3a, 0x5b, 0x7b, 0x22, 0x69, 0x64, 0x22, 0x3a, 0x30, 0x2c, 0x22, 0x6e, 0x61, 0x6d, 0x65, 0x22, 0x3a, 0x22, 0x42, 0x65, 0x74, 0x74, 0x69, 0x65, 0x20, 0x4c, 0x6f, 0x77, 0x65, 0x72, 0x79, 0x22, 0x7d, 0x2c, 0x7b, 0x22, 0x69, 0x64, 0x22, 0x3a, 0x31, 0x2c, 0x22, 0x6e, 0x61, 0x6d, 0x65, 0x22, 0x3a, 0x22, 0x52, 0x65, 0x67, 0x69, 0x6e, 0x61, 0x20, 0x42, 0x61, 0x72, 0x72, 0x65, 0x72, 0x61, 0x22, 0x7d, 0x2c, 0x7b, 0x22, 0x69, 0x64, 0x22, 0x3a, 0x32, 0x2c, 0x22, 0x6e, 0x61, 0x6d, 0x65, 0x22, 0x3a, 0x22, 0x57, 0x69, 0x67, 0x67, 0x69, 0x6e, 0x73, 0x20, 0x4d, 0x61, 0x6e, 0x6e, 0x22, 0x7d, 0x5d, 0x2c, 0x22, 0x67, 0x65, 0x6e, 0x64, 0x65, 0x72, 0x22, 0x3a, 0x22, 0x6d, 0x61, 0x6c, 0x65, 0x22, 0x2c, 0x22, 0x67, 0x72, 0x65, 0x65, 0x74, 0x69, 0x6e, 0x67, 0x22, 0x3a, 0x22, 0x48, 0x65, 0x6c, 0x6c, 0x6f, 0x2c, 0x20, 0x53, 0x69, 0x6d, 0x6d, 0x6f, 0x6e, 0x73, 0x20, 0x50, 0x61, 0x64, 0x69, 0x6c, 0x6c, 0x61, 0x21, 0x20, 0x59, 0x6f, 0x75, 0x20, 0x68, 0x61, 0x76, 0x65, 0x20, 0x34, 0x20, 0x75, 0x6e, 0x72, 0x65, 0x61, 0x64, 0x20, 0x6d, 0x65, 0x73, 0x73, 0x61, 0x67, 0x65, 0x73, 0x2e, 0x22, 0x2c, 0x22, 0x67, 0x75, 0x69, 0x64, 0x22, 0x3a, 0x22, 0x38, 0x39, 0x30, 0x32, 0x66, 0x34, 0x36, 0x34, 0x2d, 0x61, 0x31, 0x37, 0x66, 0x2d, 0x34, 0x33, 0x35, 0x37, 0x2d, 0x38, 0x33, 0x62, 0x32, 0x2d, 0x35, 0x62, 0x31, 0x30, 0x33, 0x64, 0x62, 0x38, 0x32, 0x37, 0x66, 0x63, 0x22, 0x2c, 0x22, 0x69, 0x6e, 0x64, 0x65, 0x78, 0x22, 0x3a, 0x39, 0x34, 0x2c, 0x22, 0x69, 0x73, 0x41, 0x63, 0x74, 0x69, 0x76, 0x65, 0x22, 0x3a, 0x74, 0x72, 0x75, 0x65, 0x2c, 0x22, 0x6c, 0x61, 0x74, 0x69, 0x74, 0x75, 0x64, 0x65, 0x22, 0x3a, 0x34, 0x37, 0x2e, 0x38, 0x35, 0x35, 0x38, 0x32, 0x37, 0x2c, 0x22, 0x6c, 0x6f, 0x6e, 0x67, 0x69, 0x74, 0x75, 0x64, 0x65, 0x22, 0x3a, 0x2d, 0x34, 0x37, 0x2e, 0x37, 0x33, 0x31, 0x39, 0x30, 0x34, 0x2c, 0x22, 0x6e, 0x61, 0x6d, 0x65, 0x22, 0x3a, 0x22, 0x53, 0x69, 0x6d, 0x6d, 0x6f, 0x6e, 0x73, 0x20, 0x50, 0x61, 0x64, 0x69, 0x6c, 0x6c, 0x61, 0x22, 0x2c, 0x22, 0x70, 0x68, 0x6f, 0x6e, 0x65, 0x22, 0x3a, 0x22, 0x2b, 0x31, 0x20, 0x28, 0x38, 0x39, 0x36, 0x29, 0x20, 0x34, 0x38, 0x35, 0x2d, 0x32, 0x31, 0x33, 0x32, 0x22, 0x2c, 0x22, 0x70, 0x69, 0x63, 0x74, 0x75, 0x72, 0x65, 0x22, 0x3a, 0x22, 0x68, 0x74, 0x74, 0x70, 0x3a, 0x2f, 0x2f, 0x70, 0x6c, 0x61, 0x63, 0x65, 0x68, 0x6f, 0x6c, 0x64, 0x2e, 0x69, 0x74, 0x2f, 0x33, 0x32, 0x78, 0x33, 0x32, 0x22, 0x2c, 0x22, 0x72, 0x65, 0x67, 0x69, 0x73, 0x74, 0x65, 0x72, 0x65, 0x64, 0x22, 0x3a, 0x22, 0x32, 0x30, 0x31, 0x35, 0x2d, 0x30, 0x35, 0x2d, 0x32, 0x39, 0x54, 0x30, 0x31, 0x3a, 0x35, 0x35, 0x3a, 0x31, 0x38, 0x20, 0x2d, 0x30, 0x36, 0x3a, 0x2d, 0x33, 0x30, 0x22, 0x2c, 0x22, 0x74, 0x61, 0x67, 0x73, 0x22, 0x3a, 0x5b, 0x22, 0x6e, 0x75, 0x6c, 0x6c, 0x61, 0x22, 0x2c, 0x22, 0x73, 0x69, 0x6e, 0x74, 0x22, 0x2c, 0x22, 0x6e, 0x69, 0x73, 0x69, 0x22, 0x2c, 0x22, 0x65, 0x78, 0x22, 0x2c, 0x22, 0x71, 0x75, 0x69, 0x73, 0x22, 0x2c, 0x22, 0x69, 0x6e, 0x22, 0x2c, 0x22, 0x6e, 0x69, 0x73, 0x69, 0x22, 0x5d, 0x7d}
	            	actual  : []byte{0x7b, 0x22, 0x5f, 0x69, 0x64, 0x22, 0x3a, 0x22, 0x35, 0x61, 0x38, 0x35, 0x33, 0x39, 0x39, 0x66, 0x37, 0x33, 0x65, 0x66, 0x62, 0x37, 0x39, 0x63, 0x65, 0x32, 0x30, 0x38, 0x33, 0x39, 0x63, 0x36, 0x22, 0x2c, 0x22, 0x61, 0x62, 0x6f, 0x75, 0x74, 0x22, 0x3a, 0x22, 0x4e, 0x69, 0x73, 0x69, 0x20, 0x72, 0x65, 0x70, 0x72, 0x65, 0x68, 0x65, 0x6e, 0x64, 0x65, 0x72, 0x69, 0x74, 0x20, 0x6e, 0x75, 0x6c, 0x6c, 0x61, 0x20, 0x69, 0x6e, 0x63, 0x69, 0x64, 0x69, 0x64, 0x75, 0x6e, 0x74, 0x20, 0x64, 0x6f, 0x6c, 0x6f, 0x72, 0x20, 0x63, 0x6f, 0x6e, 0x73, 0x65, 0x71, 0x75, 0x61, 0x74, 0x20, 0x63, 0x6f, 0x6e, 0x73, 0x65, 0x71, 0x75, 0x61, 0x74, 0x20, 0x69, 0x6e, 0x20, 0x75, 0x6c, 0x6c, 0x61, 0x6d, 0x63, 0x6f, 0x20, 0x61, 0x64, 0x20, 0x61, 0x6c, 0x69, 0x71, 0x75, 0x69, 0x70, 0x2e, 0x20, 0x4e, 0x75, 0x6c, 0x6c, 0x61, 0x20, 0x6d, 0x61, 0x67, 0x6e, 0x61, 0x20, 0x73, 0x69, 0x6e, 0x74, 0x20, 0x61, 0x75, 0x74, 0x65, 0x20, 0x6f, 0x66, 0x66, 0x69, 0x63, 0x69, 0x61, 0x20, 0x64, 0x65, 0x73, 0x65, 0x72, 0x75, 0x6e, 0x74, 0x20, 0x65, 0x74, 0x20, 0x6e, 0x75, 0x6c, 0x6c, 0x61, 0x20, 0x6e, 0x69, 0x73, 0x69, 0x20, 0x65, 0x74, 0x20, 0x69, 0x64, 0x20, 0x63, 0x6f, 0x6e, 0x73, 0x65, 0x71, 0x75, 0x61, 0x74, 0x2e, 0x20, 0x45, 0x73, 0x73, 0x65, 0x20, 0x69, 0x6e, 0x63, 0x69, 0x64, 0x69, 0x64, 0x75, 0x6e, 0x74, 0x20, 0x65, 0x78, 0x20, 0x63, 0x75, 0x70, 0x69, 0x64, 0x61, 0x74, 0x61, 0x74, 0x20, 0x6d, 0x61, 0x67, 0x6e, 0x61, 0x20, 0x76, 0x6f, 0x6c, 0x75, 0x70, 0x74, 0x61, 0x74, 0x65, 0x20, 0x65, 0x6e, 0x69, 0x6d, 0x2e, 0x20, 0x45, 0x61, 0x20, 0x65, 0x6e, 0x69, 0x6d, 0x20, 0x72, 0x65, 0x70, 0x72, 0x65, 0x68, 0x65, 0x6e, 0x64, 0x65, 0x72, 0x69, 0x74, 0x20, 0x65, 0x6e, 0x69, 0x6d, 0x20, 0x71, 0x75, 0x69, 0x20, 0x6c, 0x61, 0x62, 0x6f, 0x72, 0x65, 0x20, 0x61, 0x64, 0x20, 0x76, 0x65, 0x6c, 0x69, 0x74, 0x20, 0x76, 0x6f, 0x6c, 0x75, 0x70, 0x74, 0x61, 0x74, 0x65, 0x20, 0x73, 0x69, 0x6e, 0x74, 0x20, 0x65, 0x78, 0x63, 0x65, 0x70, 0x74, 0x65, 0x75, 0x72, 0x20, 0x70, 0x72, 0x6f, 0x69, 0x64, 0x65, 0x6e, 0x74, 0x20, 0x69, 0x6e, 0x2e, 0x20, 0x53, 0x69, 0x74, 0x20, 0x65, 0x78, 0x20, 0x69, 0x6e, 0x63, 0x69, 0x64, 0x69, 0x64, 0x75, 0x6e, 0x74, 0x20, 0x64, 0x65, 0x73, 0x65, 0x72, 0x75, 0x6e, 0x74, 0x20, 0x65, 0x75, 0x20, 0x61, 0x6c, 0x69, 0x71, 0x75, 0x69, 0x70, 0x20, 0x65, 0x69, 0x75, 0x73, 0x6d, 0x6f, 0x64, 0x20, 0x76, 0x65, 0x6e, 0x69, 0x61, 0x6d, 0x20, 0x6e, 0x6f, 0x73, 0x74, 0x72, 0x75, 0x64, 0x20, 0x6e, 0x69, 0x73, 0x69, 0x20, 0x65, 0x6e, 0x69, 0x6d, 0x20, 0x4c, 0x6f, 0x72, 0x65, 0x6d, 0x20, 0x69, 0x6e, 0x20, 0x65, 0x69, 0x75, 0x73, 0x6d, 0x6f, 0x64, 0x2e, 0x5c, 0x72, 0x5c, 0x6e, 0x22, 0x2c, 0x22, 0x61, 0x64, 0x64, 0x72, 0x65, 0x73, 0x73, 0x22, 0x3a, 0x22, 0x36, 0x33, 0x34, 0x20, 0x4f, 0x76, 0x65, 0x72, 0x62, 0x61, 0x75, 0x67, 0x68, 0x20, 0x50, 0x6c, 0x61, 0x63, 0x65, 0x2c, 0x20, 0x46, 0x6f, 0x78, 0x77, 0x6f, 0x72, 0x74, 0x68, 0x2c, 0x20, 0x56, 0x69, 0x72, 0x67, 0x69, 0x6e, 0x20, 0x49, 0x73, 0x6c, 0x61, 0x6e, 0x64, 0x73, 0x2c, 0x20, 0x38, 0x37, 0x33, 0x33, 0x22, 0x2c, 0x22, 0x61, 0x67, 0x65, 0x22, 0x3a, 0x33, 0x33, 0x2c, 0x22, 0x62, 0x61, 0x6c, 0x61, 0x6e, 0x63, 0x65, 0x22, 0x3a, 0x22, 0x24, 0x33, 0x2c, 0x38, 0x33, 0x32, 0x2e, 0x35, 0x39, 0x22, 0x2c, 0x22, 0x63, 0x6f, 0x6d, 0x70, 0x61, 0x6e, 0x79, 0x22, 0x3a, 0x22, 0x51, 0x55, 0x49, 0x5a, 0x4d, 0x4f, 0x22, 0x2c, 0x22, 0x65, 0x6d, 0x61, 0x69, 0x6c, 0x22, 0x3a, 0x22, 0x73, 0x6e, 0x69, 0x64, 0x65, 0x72, 0x77, 0x6f, 0x72, 0x6b, 0x6d, 0x61, 0x6e, 0x40, 0x71, 0x75, 0x69, 0x7a, 0x6d, 0x6f, 0x2e, 0x63, 0x6f, 0x6d, 0x22, 0x2c, 0x22, 0x65, 0x79, 0x65, 0x43, 0x6f, 0x6c, 0x6f, 0x72, 0x22, 0x3a, 0x22, 0x67, 0x72, 0x65, 0x65, 0x6e, 0x22, 0x2c, 0x22, 0x66, 0x61, 0x76, 0x6f, 0x72, 0x69, 0x74, 0x65, 0x46, 0x72, 0x75, 0x69, 0x74, 0x22, 0x3a, 0x22, 0x62, 0x61, 0x6e, 0x61, 0x6e, 0x61, 0x22, 0x2c, 0x22, 0x66, 0x72, 0x69, 0x65, 0x6e, 0x64, 0x73, 0x22, 0x3a, 0x5b, 0x7b, 0x22, 0x69, 0x64, 0x22, 0x3a, 0x30, 0x2c, 0x22, 0x6e, 0x61, 0x6d, 0x65, 0x22, 0x3a, 0x22, 0x52, 0x6f, 0x78, 0x69, 0x65, 0x20, 0x4d, 0x6f, 0x72, 0x61, 0x6c, 0x65, 0x73, 0x22, 0x7d, 0x2c, 0x7b, 0x22, 0x69, 0x64, 0x22, 0x3a, 0x31, 0x2c, 0x22, 0x6e, 0x61, 0x6d, 0x65, 0x22, 0x3a, 0x22, 0x54, 0x77, 0x69, 0x6c, 0x61, 0x20, 0x53, 0x68, 0x61, 0x72, 0x70, 0x65, 0x22, 0x7d, 0x2c, 0x7b, 0x22, 0x69, 0x64, 0x22, 0x3a, 0x32, 0x2c, 0x22, 0x6e, 0x61, 0x6d, 0x65, 0x22, 0x3a, 0x22, 0x52, 0x75, 0x69, 0x7a, 0x20, 0x56, 0x61, 0x6c, 0x65, 0x6e, 0x74, 0x69, 0x6e, 0x65, 0x22, 0x7d, 0x5d, 0x2c, 0x22, 0x67, 0x65, 0x6e, 0x64, 0x65, 0x72, 0x22, 0x3a, 0x22, 0x6d, 0x61, 0x6c, 0x65, 0x22, 0x2c, 0x22, 0x67, 0x72, 0x65, 0x65, 0x74, 0x69, 0x6e, 0x67, 0x22, 0x3a, 0x22, 0x48, 0x65, 0x6c, 0x6c, 0x6f, 0x2c, 0x20, 0x53, 0x6e, 0x69, 0x64, 0x65, 0x72, 0x20, 0x57, 0x6f, 0x72, 0x6b, 0x6d, 0x61, 0x6e, 0x21, 0x20, 0x59, 0x6f, 0x75, 0x20, 0x68, 0x61, 0x76, 0x65, 0x20, 0x33, 0x20, 0x75, 0x6e, 0x72, 0x65, 0x61, 0x64, 0x20, 0x6d, 0x65, 0x73, 0x73, 0x61, 0x67, 0x65, 0x73, 0x2e, 0x22, 0x2c, 0x22, 0x67, 0x75, 0x69, 0x64, 0x22, 0x3a, 0x22, 0x63, 0x62, 0x36, 0x65, 0x36, 0x36, 0x39, 0x32, 0x2d, 0x33, 0x34, 0x61, 0x30, 0x2d, 0x34, 0x35, 0x64, 0x36, 0x2d, 0x39, 0x33, 0x35, 0x32, 0x2d, 0x38, 0x37}

	            	Diff:
	            	--- Expected
	            	+++ Actual

	            	@@ -2,54 +2,54 @@

	            	  00000000  7b 22 5f 69 64 22 3a 22  35 61 38 35 33 39 39 66  |{"_id":"5a85399f|
                    - 00000010  62 33 32 64 62 35 34 32  34 34 36 64 37 32 38 33  |b32db542446d7283|
                    - 00000020  22 2c 22 61 62 6f 75 74  22 3a 22 43 6f 6e 73 65  |","about":"Conse|
                    - 00000030  63 74 65 74 75 72 20 6d  6f 6c 6c 69 74 20 6d 61  |ctetur mollit ma|
                    - 00000040  67 6e 61 20 6d 6f 6c 6c  69 74 20 66 75 67 69 61  |gna mollit fugia|
                    - 00000050  74 20 65 6e 69 6d 20 63  6f 6d 6d 6f 64 6f 2e 20  |t enim commodo. |
                    - 00000060  4e 6f 6e 20 75 74 20 65  61 20 65 6e 69 6d 20 63  |Non ut ea enim c|
                    - 00000070  75 6c 70 61 20 73 69 6e  74 2e 20 45 61 20 65 6c  |ulpa sint. Ea el|
                    - 00000080  69 74 20 65 78 63 65 70  74 65 75 72 20 64 6f 20  |it excepteur do |
                    - 00000090  6d 61 67 6e 61 2e 5c 72  5c 6e 22 2c 22 61 64 64  |magna.\r\n","add|
                    - 000000a0  72 65 73 73 22 3a 22 33  38 35 20 56 69 73 69 74  |ress":"385 Visit|
                    - 000000b0  61 74 69 6f 6e 20 50 6c  61 63 65 2c 20 42 65 65  |ation Place, Bee|
                    - 000000c0  63 68 6d 6f 6e 74 2c 20  41 72 69 7a 6f 6e 61 2c  |chmont, Arizona,|
                    - 000000d0  20 38 39 34 35 22 2c 22  61 67 65 22 3a 33 37 2c  | 8945","age":37,|
                    - 000000e0  22 62 61 6c 61 6e 63 65  22 3a 22 24 33 2c 38 30  |"balance":"$3,80|
                    - 000000f0  39 2e 31 34 22 2c 22 63  6f 6d 70 61 6e 79 22 3a  |9.14","company":|
                    - 00000100  22 45 58 4f 53 50 45 45  44 22 2c 22 65 6d 61 69  |"EXOSPEED","emai|
                    - 00000110  6c 22 3a 22 73 69 6d 6d  6f 6e 73 70 61 64 69 6c  |l":"simmonspadil|
                    - 00000120  6c 61 40 65 78 6f 73 70  65 65 64 2e 63 6f 6d 22  |la@exospeed.com"|
                    - 00000130  2c 22 65 79 65 43 6f 6c  6f 72 22 3a 22 62 6c 75  |,"eyeColor":"blu|
                    - 00000140  65 22 2c 22 66 61 76 6f  72 69 74 65 46 72 75 69  |e","favoriteFrui|
                    - 00000150  74 22 3a 22 62 61 6e 61  6e 61 22 2c 22 66 72 69  |t":"banana","fri|
                    - 00000160  65 6e 64 73 22 3a 5b 7b  22 69 64 22 3a 30 2c 22  |ends":[{"id":0,"|
                    - 00000170  6e 61 6d 65 22 3a 22 42  65 74 74 69 65 20 4c 6f  |name":"Bettie Lo|
                    - 00000180  77 65 72 79 22 7d 2c 7b  22 69 64 22 3a 31 2c 22  |wery"},{"id":1,"|
                    - 00000190  6e 61 6d 65 22 3a 22 52  65 67 69 6e 61 20 42 61  |name":"Regina Ba|
                    - 000001a0  72 72 65 72 61 22 7d 2c  7b 22 69 64 22 3a 32 2c  |rrera"},{"id":2,|
                    - 000001b0  22 6e 61 6d 65 22 3a 22  57 69 67 67 69 6e 73 20  |"name":"Wiggins |
                    - 000001c0  4d 61 6e 6e 22 7d 5d 2c  22 67 65 6e 64 65 72 22  |Mann"}],"gender"|
                    - 000001d0  3a 22 6d 61 6c 65 22 2c  22 67 72 65 65 74 69 6e  |:"male","greetin|
                    - 000001e0  67 22 3a 22 48 65 6c 6c  6f 2c 20 53 69 6d 6d 6f  |g":"Hello, Simmo|
                    - 000001f0  6e 73 20 50 61 64 69 6c  6c 61 21 20 59 6f 75 20  |ns Padilla! You |
                    - 00000200  68 61 76 65 20 34 20 75  6e 72 65 61 64 20 6d 65  |have 4 unread me|
                    - 00000210  73 73 61 67 65 73 2e 22  2c 22 67 75 69 64 22 3a  |ssages.","guid":|
                    - 00000220  22 38 39 30 32 66 34 36  34 2d 61 31 37 66 2d 34  |"8902f464-a17f-4|
                    - 00000230  33 35 37 2d 38 33 62 32  2d 35 62 31 30 33 64 62  |357-83b2-5b103db|
                    - 00000240  38 32 37 66 63 22 2c 22  69 6e 64 65 78 22 3a 39  |827fc","index":9|
                    - 00000250  34 2c 22 69 73 41 63 74  69 76 65 22 3a 74 72 75  |4,"isActive":tru|
                    - 00000260  65 2c 22 6c 61 74 69 74  75 64 65 22 3a 34 37 2e  |e,"latitude":47.|
                    - 00000270  38 35 35 38 32 37 2c 22  6c 6f 6e 67 69 74 75 64  |855827,"longitud|
                    - 00000280  65 22 3a 2d 34 37 2e 37  33 31 39 30 34 2c 22 6e  |e":-47.731904,"n|
                    - 00000290  61 6d 65 22 3a 22 53 69  6d 6d 6f 6e 73 20 50 61  |ame":"Simmons Pa|
                    - 000002a0  64 69 6c 6c 61 22 2c 22  70 68 6f 6e 65 22 3a 22  |dilla","phone":"|
                    - 000002b0  2b 31 20 28 38 39 36 29  20 34 38 35 2d 32 31 33  |+1 (896) 485-213|
                    - 000002c0  32 22 2c 22 70 69 63 74  75 72 65 22 3a 22 68 74  |2","picture":"ht|
                    - 000002d0  74 70 3a 2f 2f 70 6c 61  63 65 68 6f 6c 64 2e 69  |tp://placehold.i|
                    - 000002e0  74 2f 33 32 78 33 32 22  2c 22 72 65 67 69 73 74  |t/32x32","regist|
                    - 000002f0  65 72 65 64 22 3a 22 32  30 31 35 2d 30 35 2d 32  |ered":"2015-05-2|
                    - 00000300  39 54 30 31 3a 35 35 3a  31 38 20 2d 30 36 3a 2d  |9T01:55:18 -06:-|
                    - 00000310  33 30 22 2c 22 74 61 67  73 22 3a 5b 22 6e 75 6c  |30","tags":["nul|
                    - 00000320  6c 61 22 2c 22 73 69 6e  74 22 2c 22 6e 69 73 69  |la","sint","nisi|
                    - 00000330  22 2c 22 65 78 22 2c 22  71 75 69 73 22 2c 22 69  |","ex","quis","i|
                    - 00000340  6e 22 2c 22 6e 69 73 69  22 5d 7d                 |n","nisi"]}|
	            	+ 00000010  37 33 65 66 62 37 39 63  65 32 30 38 33 39 63 36  |73efb79ce20839c6|
	            	+ 00000020  22 2c 22 61 62 6f 75 74  22 3a 22 4e 69 73 69 20  |","about":"Nisi |
	            	+ 00000030  72 65 70 72 65 68 65 6e  64 65 72 69 74 20 6e 75  |reprehenderit nu|
	            	+ 00000040  6c 6c 61 20 69 6e 63 69  64 69 64 75 6e 74 20 64  |lla incididunt d|
	            	+ 00000050  6f 6c 6f 72 20 63 6f 6e  73 65 71 75 61 74 20 63  |olor consequat c|
	            	+ 00000060  6f 6e 73 65 71 75 61 74  20 69 6e 20 75 6c 6c 61  |onsequat in ulla|
	            	+ 00000070  6d 63 6f 20 61 64 20 61  6c 69 71 75 69 70 2e 20  |mco ad aliquip. |
	            	+ 00000080  4e 75 6c 6c 61 20 6d 61  67 6e 61 20 73 69 6e 74  |Nulla magna sint|
	            	+ 00000090  20 61 75 74 65 20 6f 66  66 69 63 69 61 20 64 65  | aute officia de|
	            	+ 000000a0  73 65 72 75 6e 74 20 65  74 20 6e 75 6c 6c 61 20  |serunt et nulla |
	            	+ 000000b0  6e 69 73 69 20 65 74 20  69 64 20 63 6f 6e 73 65  |nisi et id conse|
	            	+ 000000c0  71 75 61 74 2e 20 45 73  73 65 20 69 6e 63 69 64  |quat. Esse incid|
	            	+ 000000d0  69 64 75 6e 74 20 65 78  20 63 75 70 69 64 61 74  |idunt ex cupidat|
	            	+ 000000e0  61 74 20 6d 61 67 6e 61  20 76 6f 6c 75 70 74 61  |at magna volupta|
	            	+ 000000f0  74 65 20 65 6e 69 6d 2e  20 45 61 20 65 6e 69 6d  |te enim. Ea enim|
	            	+ 00000100  20 72 65 70 72 65 68 65  6e 64 65 72 69 74 20 65  | reprehenderit e|
	            	+ 00000110  6e 69 6d 20 71 75 69 20  6c 61 62 6f 72 65 20 61  |nim qui labore a|
	            	+ 00000120  64 20 76 65 6c 69 74 20  76 6f 6c 75 70 74 61 74  |d velit voluptat|
	            	+ 00000130  65 20 73 69 6e 74 20 65  78 63 65 70 74 65 75 72  |e sint excepteur|
	            	+ 00000140  20 70 72 6f 69 64 65 6e  74 20 69 6e 2e 20 53 69  | proident in. Si|
	            	+ 00000150  74 20 65 78 20 69 6e 63  69 64 69 64 75 6e 74 20  |t ex incididunt |
	            	+ 00000160  64 65 73 65 72 75 6e 74  20 65 75 20 61 6c 69 71  |deserunt eu aliq|
	            	+ 00000170  75 69 70 20 65 69 75 73  6d 6f 64 20 76 65 6e 69  |uip eiusmod veni|
	            	+ 00000180  61 6d 20 6e 6f 73 74 72  75 64 20 6e 69 73 69 20  |am nostrud nisi |
	            	+ 00000190  65 6e 69 6d 20 4c 6f 72  65 6d 20 69 6e 20 65 69  |enim Lorem in ei|
	            	+ 000001a0  75 73 6d 6f 64 2e 5c 72  5c 6e 22 2c 22 61 64 64  |usmod.\r\n","add|
	            	+ 000001b0  72 65 73 73 22 3a 22 36  33 34 20 4f 76 65 72 62  |ress":"634 Overb|
	            	+ 000001c0  61 75 67 68 20 50 6c 61  63 65 2c 20 46 6f 78 77  |augh Place, Foxw|
	            	+ 000001d0  6f 72 74 68 2c 20 56 69  72 67 69 6e 20 49 73 6c  |orth, Virgin Isl|
	            	+ 000001e0  61 6e 64 73 2c 20 38 37  33 33 22 2c 22 61 67 65  |ands, 8733","age|
	            	+ 000001f0  22 3a 33 33 2c 22 62 61  6c 61 6e 63 65 22 3a 22  |":33,"balance":"|
	            	+ 00000200  24 33 2c 38 33 32 2e 35  39 22 2c 22 63 6f 6d 70  |$3,832.59","comp|
	            	+ 00000210  61 6e 79 22 3a 22 51 55  49 5a 4d 4f 22 2c 22 65  |any":"QUIZMO","e|
	            	+ 00000220  6d 61 69 6c 22 3a 22 73  6e 69 64 65 72 77 6f 72  |mail":"sniderwor|
	            	+ 00000230  6b 6d 61 6e 40 71 75 69  7a 6d 6f 2e 63 6f 6d 22  |kman@quizmo.com"|
	            	+ 00000240  2c 22 65 79 65 43 6f 6c  6f 72 22 3a 22 67 72 65  |,"eyeColor":"gre|
	            	+ 00000250  65 6e 22 2c 22 66 61 76  6f 72 69 74 65 46 72 75  |en","favoriteFru|
	            	+ 00000260  69 74 22 3a 22 62 61 6e  61 6e 61 22 2c 22 66 72  |it":"banana","fr|
	            	+ 00000270  69 65 6e 64 73 22 3a 5b  7b 22 69 64 22 3a 30 2c  |iends":[{"id":0,|
	            	+ 00000280  22 6e 61 6d 65 22 3a 22  52 6f 78 69 65 20 4d 6f  |"name":"Roxie Mo|
	            	+ 00000290  72 61 6c 65 73 22 7d 2c  7b 22 69 64 22 3a 31 2c  |rales"},{"id":1,|
	            	+ 000002a0  22 6e 61 6d 65 22 3a 22  54 77 69 6c 61 20 53 68  |"name":"Twila Sh|
	            	+ 000002b0  61 72 70 65 22 7d 2c 7b  22 69 64 22 3a 32 2c 22  |arpe"},{"id":2,"|
	            	+ 000002c0  6e 61 6d 65 22 3a 22 52  75 69 7a 20 56 61 6c 65  |name":"Ruiz Vale|
	            	+ 000002d0  6e 74 69 6e 65 22 7d 5d  2c 22 67 65 6e 64 65 72  |ntine"}],"gender|
	            	+ 000002e0  22 3a 22 6d 61 6c 65 22  2c 22 67 72 65 65 74 69  |":"male","greeti|
	            	+ 000002f0  6e 67 22 3a 22 48 65 6c  6c 6f 2c 20 53 6e 69 64  |ng":"Hello, Snid|
	            	+ 00000300  65 72 20 57 6f 72 6b 6d  61 6e 21 20 59 6f 75 20  |er Workman! You |
	            	+ 00000310  68 61 76 65 20 33 20 75  6e 72 65 61 64 20 6d 65  |have 3 unread me|
	            	+ 00000320  73 73 61 67 65 73 2e 22  2c 22 67 75 69 64 22 3a  |ssages.","guid":|
	            	+ 00000330  22 63 62 36 65 36 36 39  32 2d 33 34 61 30 2d 34  |"cb6e6692-34a0-4|
	            	+ 00000340  35 64 36 2d 39 33 35 32  2d 38 37                 |5d6-9352-87|
	            	 }

	Test:       	TestJsoniterParallel

	Messages:   	marshalled values different at index 94
	assertions.go:247:

	Error Trace:	parallel_test.go:29

	Error:      	Not equal:
	            	expected: []byte{0x7b, 0x22, 0x5f, 0x69, 0x64, 0x22, 0x3a, 0x22, 0x35, 0x61, 0x38, 0x35, 0x33, 0x39, 0x39, 0x66, 0x66, 0x33, 0x62, 0x39, 0x37, 0x63, 0x30, 0x30, 0x32, 0x33, 0x35, 0x38, 0x66, 0x61, 0x31, 0x66, 0x22, 0x2c, 0x22, 0x61, 0x62, 0x6f, 0x75, 0x74, 0x22, 0x3a, 0x22, 0x44, 0x65, 0x73, 0x65, 0x72, 0x75, 0x6e, 0x74, 0x20, 0x69, 0x6e, 0x63, 0x69, 0x64, 0x69, 0x64, 0x75, 0x6e, 0x74, 0x20, 0x73, 0x75, 0x6e, 0x74, 0x20, 0x65, 0x6e, 0x69, 0x6d, 0x20, 0x65, 0x6c, 0x69, 0x74, 0x20, 0x70, 0x61, 0x72, 0x69, 0x61, 0x74, 0x75, 0x72, 0x20, 0x65, 0x75, 0x20, 0x69, 0x6e, 0x63, 0x69, 0x64, 0x69, 0x64, 0x75, 0x6e, 0x74, 0x20, 0x6c, 0x61, 0x62, 0x6f, 0x72, 0x75, 0x6d, 0x20, 0x61, 0x64, 0x69, 0x70, 0x69, 0x73, 0x69, 0x63, 0x69, 0x6e, 0x67, 0x20, 0x73, 0x69, 0x74, 0x20, 0x73, 0x69, 0x74, 0x20, 0x4c, 0x6f, 0x72, 0x65, 0x6d, 0x20, 0x63, 0x69, 0x6c, 0x6c, 0x75, 0x6d, 0x20, 0x6d, 0x61, 0x67, 0x6e, 0x61, 0x2e, 0x20, 0x45, 0x61, 0x20, 0x65, 0x73, 0x73, 0x65, 0x20, 0x6d, 0x61, 0x67, 0x6e, 0x61, 0x20, 0x63, 0x6f, 0x6d, 0x6d, 0x6f, 0x64, 0x6f, 0x20, 0x61, 0x6c, 0x69, 0x71, 0x75, 0x69, 0x70, 0x20, 0x65, 0x6c, 0x69, 0x74, 0x20, 0x76, 0x65, 0x6e, 0x69, 0x61, 0x6d, 0x2e, 0x20, 0x4e, 0x75, 0x6c, 0x6c, 0x61, 0x20, 0x61, 0x6e, 0x69, 0x6d, 0x20, 0x64, 0x6f, 0x6c, 0x6f, 0x72, 0x65, 0x20, 0x6d, 0x6f, 0x6c, 0x6c, 0x69, 0x74, 0x20, 0x69, 0x72, 0x75, 0x72, 0x65, 0x20, 0x76, 0x6f, 0x6c, 0x75, 0x70, 0x74, 0x61, 0x74, 0x65, 0x20, 0x6d, 0x61, 0x67, 0x6e, 0x61, 0x20, 0x65, 0x6c, 0x69, 0x74, 0x20, 0x73, 0x69, 0x74, 0x20, 0x72, 0x65, 0x70, 0x72, 0x65, 0x68, 0x65, 0x6e, 0x64, 0x65, 0x72, 0x69, 0x74, 0x2e, 0x5c, 0x72, 0x5c, 0x6e, 0x22, 0x2c, 0x22, 0x61, 0x64, 0x64, 0x72, 0x65, 0x73, 0x73, 0x22, 0x3a, 0x22, 0x33, 0x31, 0x30, 0x20, 0x47, 0x72, 0x6f, 0x76, 0x65, 0x20, 0x50, 0x6c, 0x61, 0x63, 0x65, 0x2c, 0x20, 0x4b, 0x69, 0x6e, 0x67, 0x73, 0x74, 0x6f, 0x77, 0x6e, 0x65, 0x2c, 0x20, 0x4b, 0x65, 0x6e, 0x74, 0x75, 0x63, 0x6b, 0x79, 0x2c, 0x20, 0x35, 0x31, 0x37, 0x33, 0x22, 0x2c, 0x22, 0x61, 0x67, 0x65, 0x22, 0x3a, 0x32, 0x33, 0x2c, 0x22, 0x62, 0x61, 0x6c, 0x61, 0x6e, 0x63, 0x65, 0x22, 0x3a, 0x22, 0x24, 0x31, 0x2c, 0x30, 0x35, 0x37, 0x2e, 0x30, 0x33, 0x22, 0x2c, 0x22, 0x63, 0x6f, 0x6d, 0x70, 0x61, 0x6e, 0x79, 0x22, 0x3a, 0x22, 0x44, 0x4f, 0x47, 0x4e, 0x4f, 0x53, 0x54, 0x22, 0x2c, 0x22, 0x65, 0x6d, 0x61, 0x69, 0x6c, 0x22, 0x3a, 0x22, 0x70, 0x65, 0x61, 0x72, 0x6c, 0x76, 0x61, 0x6e, 0x67, 0x40, 0x64, 0x6f, 0x67, 0x6e, 0x6f, 0x73, 0x74, 0x2e, 0x63, 0x6f, 0x6d, 0x22, 0x2c, 0x22, 0x65, 0x79, 0x65, 0x43, 0x6f, 0x6c, 0x6f, 0x72, 0x22, 0x3a, 0x22, 0x62, 0x72, 0x6f, 0x77, 0x6e, 0x22, 0x2c, 0x22, 0x66, 0x61, 0x76, 0x6f, 0x72, 0x69, 0x74, 0x65, 0x46, 0x72, 0x75, 0x69, 0x74, 0x22, 0x3a, 0x22, 0x62, 0x61, 0x6e, 0x61, 0x6e, 0x61, 0x22, 0x2c, 0x22, 0x66, 0x72, 0x69, 0x65, 0x6e, 0x64, 0x73, 0x22, 0x3a, 0x5b, 0x7b, 0x22, 0x69, 0x64, 0x22, 0x3a, 0x30, 0x2c, 0x22, 0x6e, 0x61, 0x6d, 0x65, 0x22, 0x3a, 0x22, 0x53, 0x65, 0x61, 0x72, 0x73, 0x20, 0x52, 0x6f, 0x62, 0x6c, 0x65, 0x73, 0x22, 0x7d, 0x2c, 0x7b, 0x22, 0x69, 0x64, 0x22, 0x3a, 0x31, 0x2c, 0x22, 0x6e, 0x61, 0x6d, 0x65, 0x22, 0x3a, 0x22, 0x5a, 0x69, 0x6d, 0x6d, 0x65, 0x72, 0x6d, 0x61, 0x6e, 0x20, 0x41, 0x6e, 0x64, 0x65, 0x72, 0x73, 0x6f, 0x6e, 0x22, 0x7d, 0x2c, 0x7b, 0x22, 0x69, 0x64, 0x22, 0x3a, 0x32, 0x2c, 0x22, 0x6e, 0x61, 0x6d, 0x65, 0x22, 0x3a, 0x22, 0x4f, 0x66, 0x65, 0x6c, 0x69, 0x61, 0x20, 0x4c, 0x69, 0x76, 0x69, 0x6e, 0x67, 0x73, 0x74, 0x6f, 0x6e, 0x22, 0x7d, 0x5d, 0x2c, 0x22, 0x67, 0x65, 0x6e, 0x64, 0x65, 0x72, 0x22, 0x3a, 0x22, 0x66, 0x65, 0x6d, 0x61, 0x6c, 0x65, 0x22, 0x2c, 0x22, 0x67, 0x72, 0x65, 0x65, 0x74, 0x69, 0x6e, 0x67, 0x22, 0x3a, 0x22, 0x48, 0x65, 0x6c, 0x6c, 0x6f, 0x2c, 0x20, 0x50, 0x65, 0x61, 0x72, 0x6c, 0x20, 0x56, 0x61, 0x6e, 0x67, 0x21, 0x20, 0x59, 0x6f, 0x75, 0x20, 0x68, 0x61, 0x76, 0x65, 0x20, 0x32, 0x20, 0x75, 0x6e, 0x72, 0x65, 0x61, 0x64, 0x20, 0x6d, 0x65, 0x73, 0x73, 0x61, 0x67, 0x65, 0x73, 0x2e, 0x22, 0x2c, 0x22, 0x67, 0x75, 0x69, 0x64, 0x22, 0x3a, 0x22, 0x64, 0x30, 0x32, 0x31, 0x64, 0x61, 0x30, 0x62, 0x2d, 0x37, 0x31, 0x35, 0x32, 0x2d, 0x34, 0x64, 0x61, 0x34, 0x2d, 0x38, 0x63, 0x37, 0x38, 0x2d, 0x35, 0x35, 0x39, 0x33, 0x38, 0x30, 0x33, 0x33, 0x66, 0x62, 0x32, 0x37, 0x22, 0x2c, 0x22, 0x69, 0x6e, 0x64, 0x65, 0x78, 0x22, 0x3a, 0x39, 0x39, 0x2c, 0x22, 0x69, 0x73, 0x41, 0x63, 0x74, 0x69, 0x76, 0x65, 0x22, 0x3a, 0x66, 0x61, 0x6c, 0x73, 0x65, 0x2c, 0x22, 0x6c, 0x61, 0x74, 0x69, 0x74, 0x75, 0x64, 0x65, 0x22, 0x3a, 0x34, 0x33, 0x2e, 0x37, 0x32, 0x32, 0x30, 0x31, 0x38, 0x2c, 0x22, 0x6c, 0x6f, 0x6e, 0x67, 0x69, 0x74, 0x75, 0x64, 0x65, 0x22, 0x3a, 0x2d, 0x31, 0x30, 0x2e, 0x38, 0x35, 0x31, 0x31, 0x32, 0x34, 0x2c, 0x22, 0x6e, 0x61, 0x6d, 0x65, 0x22, 0x3a, 0x22, 0x50, 0x65, 0x61, 0x72, 0x6c, 0x20, 0x56, 0x61, 0x6e, 0x67, 0x22, 0x2c, 0x22, 0x70, 0x68, 0x6f, 0x6e, 0x65, 0x22, 0x3a, 0x22, 0x2b, 0x31, 0x20, 0x28, 0x38, 0x32, 0x33, 0x29, 0x20, 0x34, 0x38, 0x35, 0x2d, 0x32, 0x34, 0x34, 0x31, 0x22, 0x2c, 0x22, 0x70, 0x69, 0x63, 0x74, 0x75, 0x72, 0x65, 0x22, 0x3a, 0x22, 0x68, 0x74, 0x74, 0x70, 0x3a, 0x2f, 0x2f, 0x70, 0x6c, 0x61, 0x63, 0x65, 0x68, 0x6f, 0x6c, 0x64, 0x2e, 0x69, 0x74, 0x2f, 0x33, 0x32, 0x78, 0x33, 0x32, 0x22, 0x2c, 0x22, 0x72, 0x65, 0x67, 0x69, 0x73, 0x74, 0x65, 0x72, 0x65, 0x64, 0x22, 0x3a, 0x22, 0x32, 0x30, 0x31, 0x37, 0x2d, 0x30, 0x34, 0x2d, 0x31, 0x36, 0x54, 0x31, 0x30, 0x3a, 0x34, 0x31, 0x3a, 0x33, 0x34, 0x20, 0x2d, 0x30, 0x36, 0x3a, 0x2d, 0x33, 0x30, 0x22, 0x2c, 0x22, 0x74, 0x61, 0x67, 0x73, 0x22, 0x3a, 0x5b, 0x22, 0x64, 0x75, 0x69, 0x73, 0x22, 0x2c, 0x22, 0x69, 0x70, 0x73, 0x75, 0x6d, 0x22, 0x2c, 0x22, 0x6d, 0x61, 0x67, 0x6e, 0x61, 0x22, 0x2c, 0x22, 0x61, 0x64, 0x22, 0x2c, 0x22, 0x71, 0x75, 0x69, 0x73, 0x22, 0x2c, 0x22, 0x69, 0x64, 0x22, 0x2c, 0x22, 0x61, 0x6c, 0x69, 0x71, 0x75, 0x69, 0x70, 0x22, 0x5d, 0x7d}
	            	actual  : []byte{0x7b, 0x22, 0x5f, 0x69, 0x64, 0x22, 0x3a, 0x22, 0x35, 0x61, 0x38, 0x35, 0x33, 0x39, 0x39, 0x66, 0x33, 0x33, 0x62, 0x37, 0x32, 0x34, 0x30, 0x61, 0x39, 0x62, 0x34, 0x66, 0x31, 0x38, 0x32, 0x61, 0x22, 0x2c, 0x22, 0x61, 0x62, 0x6f, 0x75, 0x74, 0x22, 0x3a, 0x22, 0x46, 0x75, 0x67, 0x69, 0x61, 0x74, 0x20, 0x69, 0x6e, 0x63, 0x69, 0x64, 0x69, 0x64, 0x75, 0x6e, 0x74, 0x20, 0x65, 0x61, 0x20, 0x72, 0x65, 0x70, 0x72, 0x65, 0x68, 0x65, 0x6e, 0x64, 0x65, 0x72, 0x69, 0x74, 0x20, 0x75, 0x74, 0x20, 0x4c, 0x6f, 0x72, 0x65, 0x6d, 0x20, 0x6f, 0x63, 0x63, 0x61, 0x65, 0x63, 0x61, 0x74, 0x2e, 0x20, 0x4c, 0x61, 0x62, 0x6f, 0x72, 0x75, 0x6d, 0x20, 0x65, 0x78, 0x65, 0x72, 0x63, 0x69, 0x74, 0x61, 0x74, 0x69, 0x6f, 0x6e, 0x20, 0x65, 0x78, 0x63, 0x65, 0x70, 0x74, 0x65, 0x75, 0x72, 0x20, 0x65, 0x6c, 0x69, 0x74, 0x20, 0x76, 0x6f, 0x6c, 0x75, 0x70, 0x74, 0x61, 0x74, 0x65, 0x20, 0x64, 0x6f, 0x6c, 0x6f, 0x72, 0x65, 0x20, 0x65, 0x73, 0x74, 0x20, 0x65, 0x75, 0x20, 0x65, 0x6c, 0x69, 0x74, 0x20, 0x6e, 0x69, 0x73, 0x69, 0x20, 0x74, 0x65, 0x6d, 0x70, 0x6f, 0x72, 0x2e, 0x20, 0x43, 0x6f, 0x6e, 0x73, 0x65, 0x71, 0x75, 0x61, 0x74, 0x20, 0x75, 0x6c, 0x6c, 0x61, 0x6d, 0x63, 0x6f, 0x20, 0x70, 0x72, 0x6f, 0x69, 0x64, 0x65, 0x6e, 0x74, 0x20, 0x6e, 0x6f, 0x6e, 0x20, 0x6e, 0x6f, 0x6e, 0x2e, 0x20, 0x45, 0x61, 0x20, 0x6c, 0x61, 0x62, 0x6f, 0x72, 0x75, 0x6d, 0x20, 0x61, 0x6c, 0x69, 0x71, 0x75, 0x61, 0x20, 0x73, 0x75, 0x6e, 0x74, 0x20, 0x73, 0x69, 0x74, 0x20, 0x61, 0x6d, 0x65, 0x74, 0x20, 0x71, 0x75, 0x69, 0x20, 0x6e, 0x6f, 0x6e, 0x20, 0x6c, 0x61, 0x62, 0x6f, 0x72, 0x69, 0x73, 0x20, 0x70, 0x72, 0x6f, 0x69, 0x64, 0x65, 0x6e, 0x74, 0x20, 0x72, 0x65, 0x70, 0x72, 0x65, 0x68, 0x65, 0x6e, 0x64, 0x65, 0x72, 0x69, 0x74, 0x20, 0x6c, 0x61, 0x62, 0x6f, 0x72, 0x75, 0x6d, 0x20, 0x6c, 0x61, 0x62, 0x6f, 0x72, 0x65, 0x20, 0x69, 0x72, 0x75, 0x72, 0x65, 0x20, 0x71, 0x75, 0x69, 0x73, 0x2e, 0x5c, 0x72, 0x5c, 0x6e, 0x22, 0x2c, 0x22, 0x61, 0x64, 0x64, 0x72, 0x65, 0x73, 0x73, 0x22, 0x3a, 0x22, 0x36, 0x34, 0x38, 0x20, 0x42, 0x65, 0x64, 0x66, 0x6f, 0x72, 0x64, 0x20, 0x50, 0x6c, 0x61, 0x63, 0x65, 0x2c, 0x20, 0x48, 0x6f, 0x6e, 0x64, 0x61, 0x68, 0x2c, 0x20, 0x4b, 0x61, 0x6e, 0x73, 0x61, 0x73, 0x2c, 0x20, 0x39, 0x38, 0x32, 0x36, 0x22, 0x2c, 0x22, 0x61, 0x67, 0x65, 0x22, 0x3a, 0x33, 0x35, 0x2c, 0x22, 0x62, 0x61, 0x6c, 0x61, 0x6e, 0x63, 0x65, 0x22, 0x3a, 0x22, 0x24, 0x33, 0x2c, 0x38, 0x32, 0x36, 0x2e, 0x38, 0x30, 0x22, 0x2c, 0x22, 0x63, 0x6f, 0x6d, 0x70, 0x61, 0x6e, 0x79, 0x22, 0x3a, 0x22, 0x45, 0x4c, 0x45, 0x4e, 0x54, 0x52, 0x49, 0x58, 0x22, 0x2c, 0x22, 0x65, 0x6d, 0x61, 0x69, 0x6c, 0x22, 0x3a, 0x22, 0x73, 0x68, 0x61, 0x75, 0x6e, 0x61, 0x73, 0x74, 0x65, 0x76, 0x65, 0x6e, 0x73, 0x6f, 0x6e, 0x40, 0x65, 0x6c, 0x65, 0x6e, 0x74, 0x72, 0x69, 0x78, 0x2e, 0x63, 0x6f, 0x6d, 0x22, 0x2c, 0x22, 0x65, 0x79, 0x65, 0x43, 0x6f, 0x6c, 0x6f, 0x72, 0x22, 0x3a, 0x22, 0x67, 0x72, 0x65, 0x65, 0x6e, 0x22, 0x2c, 0x22, 0x66, 0x61, 0x76, 0x6f, 0x72, 0x69, 0x74, 0x65, 0x46, 0x72, 0x75, 0x69, 0x74, 0x22, 0x3a, 0x22, 0x61, 0x70, 0x70, 0x6c, 0x65, 0x22, 0x2c, 0x22, 0x66, 0x72, 0x69, 0x65, 0x6e, 0x64, 0x73, 0x22, 0x3a, 0x5b, 0x7b, 0x22, 0x69, 0x64, 0x22, 0x3a, 0x30, 0x2c, 0x22, 0x6e, 0x61, 0x6d, 0x65, 0x22, 0x3a, 0x22, 0x52, 0x6f, 0x73, 0x61, 0x6c, 0x69, 0x6e, 0x64, 0x61, 0x20, 0x43, 0x75, 0x6e, 0x6e, 0x69, 0x6e, 0x67, 0x68, 0x61, 0x6d, 0x22, 0x7d, 0x2c, 0x7b, 0x22, 0x69, 0x64, 0x22, 0x3a, 0x31, 0x2c, 0x22, 0x6e, 0x61, 0x6d, 0x65, 0x22, 0x3a, 0x22, 0x57, 0x69, 0x6c, 0x6c, 0x69, 0x61, 0x6d, 0x73, 0x20, 0x54, 0x68, 0x6f, 0x72, 0x6e, 0x74, 0x6f, 0x6e, 0x22, 0x7d, 0x2c, 0x7b, 0x22, 0x69, 0x64, 0x22, 0x3a, 0x32, 0x2c, 0x22, 0x6e, 0x61, 0x6d, 0x65, 0x22, 0x3a, 0x22, 0x4d, 0x69, 0x6e, 0x65, 0x72, 0x76, 0x61, 0x20, 0x43, 0x61, 0x6d, 0x70, 0x62, 0x65, 0x6c, 0x6c, 0x22, 0x7d, 0x5d, 0x2c, 0x22, 0x67, 0x65, 0x6e, 0x64, 0x65, 0x72, 0x22, 0x3a, 0x22, 0x66, 0x65, 0x6d, 0x61, 0x6c, 0x65, 0x22, 0x2c, 0x22, 0x67, 0x72, 0x65, 0x65, 0x74, 0x69, 0x6e, 0x67, 0x22, 0x3a, 0x22, 0x48, 0x65, 0x6c, 0x6c, 0x6f, 0x2c, 0x20, 0x53, 0x68, 0x61, 0x75, 0x6e, 0x61, 0x20, 0x53, 0x74, 0x65, 0x76, 0x65, 0x6e, 0x73, 0x6f, 0x6e, 0x21, 0x20, 0x59, 0x6f, 0x75, 0x20, 0x68, 0x61, 0x76, 0x65, 0x20, 0x39, 0x20, 0x75, 0x6e, 0x72, 0x65, 0x61, 0x64, 0x20, 0x6d, 0x65, 0x73, 0x73, 0x61, 0x67, 0x65, 0x73, 0x2e, 0x22, 0x2c, 0x22, 0x67, 0x75, 0x69, 0x64, 0x22, 0x3a, 0x22, 0x66, 0x64, 0x62, 0x63, 0x65, 0x36, 0x34, 0x64, 0x2d, 0x32, 0x34, 0x35, 0x63, 0x2d, 0x34, 0x39, 0x34, 0x39, 0x2d, 0x39, 0x66, 0x36, 0x66, 0x2d, 0x33, 0x35, 0x34, 0x39, 0x62, 0x30, 0x39, 0x66, 0x32, 0x65, 0x61, 0x30, 0x22, 0x2c, 0x22, 0x69, 0x6e, 0x64, 0x65, 0x78, 0x22, 0x3a, 0x39, 0x36, 0x2c, 0x22, 0x69, 0x73, 0x41, 0x63, 0x74, 0x69, 0x76, 0x65, 0x22, 0x3a, 0x74, 0x72, 0x75, 0x65, 0x2c, 0x22, 0x6c, 0x61, 0x74, 0x69, 0x74, 0x75, 0x64, 0x65, 0x22, 0x3a, 0x31, 0x32, 0x2e, 0x35, 0x30, 0x34, 0x39, 0x30, 0x38, 0x2c, 0x22, 0x6c, 0x6f, 0x6e, 0x67, 0x69, 0x74, 0x75, 0x64, 0x65, 0x22, 0x3a, 0x2d, 0x31, 0x37, 0x30, 0x2e, 0x36, 0x36, 0x37, 0x33, 0x32, 0x35, 0x2c, 0x22, 0x6e, 0x61, 0x6d, 0x65, 0x22, 0x3a, 0x22, 0x53, 0x68, 0x61, 0x75, 0x6e, 0x61, 0x20, 0x53, 0x74, 0x65, 0x76, 0x65, 0x6e, 0x73, 0x6f, 0x6e, 0x22, 0x2c, 0x22, 0x70, 0x68, 0x6f, 0x6e, 0x65, 0x22, 0x3a, 0x22, 0x2b, 0x31, 0x20, 0x28, 0x39, 0x33, 0x37, 0x29, 0x20, 0x35, 0x37, 0x32, 0x2d, 0x33, 0x33, 0x30, 0x35, 0x22, 0x2c, 0x22, 0x70, 0x69, 0x63, 0x74, 0x75, 0x72, 0x65, 0x22, 0x3a, 0x22, 0x68, 0x74, 0x74, 0x70, 0x3a, 0x2f, 0x2f, 0x70, 0x6c, 0x61, 0x63, 0x65, 0x68, 0x6f, 0x6c, 0x64, 0x2e, 0x69, 0x74, 0x2f, 0x33, 0x32, 0x78, 0x33, 0x32, 0x22, 0x2c, 0x22, 0x72, 0x65, 0x67, 0x69, 0x73, 0x74, 0x65, 0x72, 0x65, 0x64, 0x22, 0x3a, 0x22, 0x32, 0x30, 0x31, 0x35, 0x2d, 0x30, 0x39, 0x2d, 0x31, 0x31, 0x54, 0x31, 0x32, 0x3a, 0x34, 0x33, 0x3a, 0x32, 0x31, 0x20, 0x2d}

	            	Diff:
	            	--- Expected
	            	+++ Actual

	            	@@ -2,61 +2,61 @@

	            	  00000000  7b 22 5f 69 64 22 3a 22  35 61 38 35 33 39 39 66  |{"_id":"5a85399f|
                    - 00000010  66 33 62 39 37 63 30 30  32 33 35 38 66 61 31 66  |f3b97c002358fa1f|
                    - 00000020  22 2c 22 61 62 6f 75 74  22 3a 22 44 65 73 65 72  |","about":"Deser|
                    - 00000030  75 6e 74 20 69 6e 63 69  64 69 64 75 6e 74 20 73  |unt incididunt s|
                    - 00000040  75 6e 74 20 65 6e 69 6d  20 65 6c 69 74 20 70 61  |unt enim elit pa|
                    - 00000050  72 69 61 74 75 72 20 65  75 20 69 6e 63 69 64 69  |riatur eu incidi|
                    - 00000060  64 75 6e 74 20 6c 61 62  6f 72 75 6d 20 61 64 69  |dunt laborum adi|
                    - 00000070  70 69 73 69 63 69 6e 67  20 73 69 74 20 73 69 74  |pisicing sit sit|
                    - 00000080  20 4c 6f 72 65 6d 20 63  69 6c 6c 75 6d 20 6d 61  | Lorem cillum ma|
                    - 00000090  67 6e 61 2e 20 45 61 20  65 73 73 65 20 6d 61 67  |gna. Ea esse mag|
                    - 000000a0  6e 61 20 63 6f 6d 6d 6f  64 6f 20 61 6c 69 71 75  |na commodo aliqu|
                    - 000000b0  69 70 20 65 6c 69 74 20  76 65 6e 69 61 6d 2e 20  |ip elit veniam. |
                    - 000000c0  4e 75 6c 6c 61 20 61 6e  69 6d 20 64 6f 6c 6f 72  |Nulla anim dolor|
                    - 000000d0  65 20 6d 6f 6c 6c 69 74  20 69 72 75 72 65 20 76  |e mollit irure v|
                    - 000000e0  6f 6c 75 70 74 61 74 65  20 6d 61 67 6e 61 20 65  |oluptate magna e|
                    - 000000f0  6c 69 74 20 73 69 74 20  72 65 70 72 65 68 65 6e  |lit sit reprehen|
                    - 00000100  64 65 72 69 74 2e 5c 72  5c 6e 22 2c 22 61 64 64  |derit.\r\n","add|
                    - 00000110  72 65 73 73 22 3a 22 33  31 30 20 47 72 6f 76 65  |ress":"310 Grove|
                    - 00000120  20 50 6c 61 63 65 2c 20  4b 69 6e 67 73 74 6f 77  | Place, Kingstow|
                    - 00000130  6e 65 2c 20 4b 65 6e 74  75 63 6b 79 2c 20 35 31  |ne, Kentucky, 51|
                    - 00000140  37 33 22 2c 22 61 67 65  22 3a 32 33 2c 22 62 61  |73","age":23,"ba|
                    - 00000150  6c 61 6e 63 65 22 3a 22  24 31 2c 30 35 37 2e 30  |lance":"$1,057.0|
                    - 00000160  33 22 2c 22 63 6f 6d 70  61 6e 79 22 3a 22 44 4f  |3","company":"DO|
                    - 00000170  47 4e 4f 53 54 22 2c 22  65 6d 61 69 6c 22 3a 22  |GNOST","email":"|
                    - 00000180  70 65 61 72 6c 76 61 6e  67 40 64 6f 67 6e 6f 73  |pearlvang@dognos|
                    - 00000190  74 2e 63 6f 6d 22 2c 22  65 79 65 43 6f 6c 6f 72  |t.com","eyeColor|
                    - 000001a0  22 3a 22 62 72 6f 77 6e  22 2c 22 66 61 76 6f 72  |":"brown","favor|
                    - 000001b0  69 74 65 46 72 75 69 74  22 3a 22 62 61 6e 61 6e  |iteFruit":"banan|
                    - 000001c0  61 22 2c 22 66 72 69 65  6e 64 73 22 3a 5b 7b 22  |a","friends":[{"|
                    - 000001d0  69 64 22 3a 30 2c 22 6e  61 6d 65 22 3a 22 53 65  |id":0,"name":"Se|
                    - 000001e0  61 72 73 20 52 6f 62 6c  65 73 22 7d 2c 7b 22 69  |ars Robles"},{"i|
                    - 000001f0  64 22 3a 31 2c 22 6e 61  6d 65 22 3a 22 5a 69 6d  |d":1,"name":"Zim|
                    - 00000200  6d 65 72 6d 61 6e 20 41  6e 64 65 72 73 6f 6e 22  |merman Anderson"|
                    - 00000210  7d 2c 7b 22 69 64 22 3a  32 2c 22 6e 61 6d 65 22  |},{"id":2,"name"|
                    - 00000220  3a 22 4f 66 65 6c 69 61  20 4c 69 76 69 6e 67 73  |:"Ofelia Livings|
                    - 00000230  74 6f 6e 22 7d 5d 2c 22  67 65 6e 64 65 72 22 3a  |ton"}],"gender":|
                    - 00000240  22 66 65 6d 61 6c 65 22  2c 22 67 72 65 65 74 69  |"female","greeti|
                    - 00000250  6e 67 22 3a 22 48 65 6c  6c 6f 2c 20 50 65 61 72  |ng":"Hello, Pear|
                    - 00000260  6c 20 56 61 6e 67 21 20  59 6f 75 20 68 61 76 65  |l Vang! You have|
                    - 00000270  20 32 20 75 6e 72 65 61  64 20 6d 65 73 73 61 67  | 2 unread messag|
                    - 00000280  65 73 2e 22 2c 22 67 75  69 64 22 3a 22 64 30 32  |es.","guid":"d02|
                    - 00000290  31 64 61 30 62 2d 37 31  35 32 2d 34 64 61 34 2d  |1da0b-7152-4da4-|
                    - 000002a0  38 63 37 38 2d 35 35 39  33 38 30 33 33 66 62 32  |8c78-55938033fb2|
                    - 000002b0  37 22 2c 22 69 6e 64 65  78 22 3a 39 39 2c 22 69  |7","index":99,"i|
                    - 000002c0  73 41 63 74 69 76 65 22  3a 66 61 6c 73 65 2c 22  |sActive":false,"|
                    - 000002d0  6c 61 74 69 74 75 64 65  22 3a 34 33 2e 37 32 32  |latitude":43.722|
                    - 000002e0  30 31 38 2c 22 6c 6f 6e  67 69 74 75 64 65 22 3a  |018,"longitude":|
                    - 000002f0  2d 31 30 2e 38 35 31 31  32 34 2c 22 6e 61 6d 65  |-10.851124,"name|
                    - 00000300  22 3a 22 50 65 61 72 6c  20 56 61 6e 67 22 2c 22  |":"Pearl Vang","|
                    - 00000310  70 68 6f 6e 65 22 3a 22  2b 31 20 28 38 32 33 29  |phone":"+1 (823)|
                    - 00000320  20 34 38 35 2d 32 34 34  31 22 2c 22 70 69 63 74  | 485-2441","pict|
                    - 00000330  75 72 65 22 3a 22 68 74  74 70 3a 2f 2f 70 6c 61  |ure":"http://pla|
                    - 00000340  63 65 68 6f 6c 64 2e 69  74 2f 33 32 78 33 32 22  |cehold.it/32x32"|
                    - 00000350  2c 22 72 65 67 69 73 74  65 72 65 64 22 3a 22 32  |,"registered":"2|
                    - 00000360  30 31 37 2d 30 34 2d 31  36 54 31 30 3a 34 31 3a  |017-04-16T10:41:|
                    - 00000370  33 34 20 2d 30 36 3a 2d  33 30 22 2c 22 74 61 67  |34 -06:-30","tag|
                    - 00000380  73 22 3a 5b 22 64 75 69  73 22 2c 22 69 70 73 75  |s":["duis","ipsu|
                    - 00000390  6d 22 2c 22 6d 61 67 6e  61 22 2c 22 61 64 22 2c  |m","magna","ad",|
                    - 000003a0  22 71 75 69 73 22 2c 22  69 64 22 2c 22 61 6c 69  |"quis","id","ali|
                    - 000003b0  71 75 69 70 22 5d 7d                              |quip"]}|
	            	+ 00000010  33 33 62 37 32 34 30 61  39 62 34 66 31 38 32 61  |33b7240a9b4f182a|
	            	+ 00000020  22 2c 22 61 62 6f 75 74  22 3a 22 46 75 67 69 61  |","about":"Fugia|
	            	+ 00000030  74 20 69 6e 63 69 64 69  64 75 6e 74 20 65 61 20  |t incididunt ea |
	            	+ 00000040  72 65 70 72 65 68 65 6e  64 65 72 69 74 20 75 74  |reprehenderit ut|
	            	+ 00000050  20 4c 6f 72 65 6d 20 6f  63 63 61 65 63 61 74 2e  | Lorem occaecat.|
	            	+ 00000060  20 4c 61 62 6f 72 75 6d  20 65 78 65 72 63 69 74  | Laborum exercit|
	            	+ 00000070  61 74 69 6f 6e 20 65 78  63 65 70 74 65 75 72 20  |ation excepteur |
	            	+ 00000080  65 6c 69 74 20 76 6f 6c  75 70 74 61 74 65 20 64  |elit voluptate d|
	            	+ 00000090  6f 6c 6f 72 65 20 65 73  74 20 65 75 20 65 6c 69  |olore est eu eli|
	            	+ 000000a0  74 20 6e 69 73 69 20 74  65 6d 70 6f 72 2e 20 43  |t nisi tempor. C|
	            	+ 000000b0  6f 6e 73 65 71 75 61 74  20 75 6c 6c 61 6d 63 6f  |onsequat ullamco|
	            	+ 000000c0  20 70 72 6f 69 64 65 6e  74 20 6e 6f 6e 20 6e 6f  | proident non no|
	            	+ 000000d0  6e 2e 20 45 61 20 6c 61  62 6f 72 75 6d 20 61 6c  |n. Ea laborum al|
	            	+ 000000e0  69 71 75 61 20 73 75 6e  74 20 73 69 74 20 61 6d  |iqua sunt sit am|
	            	+ 000000f0  65 74 20 71 75 69 20 6e  6f 6e 20 6c 61 62 6f 72  |et qui non labor|
	            	+ 00000100  69 73 20 70 72 6f 69 64  65 6e 74 20 72 65 70 72  |is proident repr|
	            	+ 00000110  65 68 65 6e 64 65 72 69  74 20 6c 61 62 6f 72 75  |ehenderit laboru|
	            	+ 00000120  6d 20 6c 61 62 6f 72 65  20 69 72 75 72 65 20 71  |m labore irure q|
	            	+ 00000130  75 69 73 2e 5c 72 5c 6e  22 2c 22 61 64 64 72 65  |uis.\r\n","addre|
	            	+ 00000140  73 73 22 3a 22 36 34 38  20 42 65 64 66 6f 72 64  |ss":"648 Bedford|
	            	+ 00000150  20 50 6c 61 63 65 2c 20  48 6f 6e 64 61 68 2c 20  | Place, Hondah, |
	            	+ 00000160  4b 61 6e 73 61 73 2c 20  39 38 32 36 22 2c 22 61  |Kansas, 9826","a|
	            	+ 00000170  67 65 22 3a 33 35 2c 22  62 61 6c 61 6e 63 65 22  |ge":35,"balance"|
	            	+ 00000180  3a 22 24 33 2c 38 32 36  2e 38 30 22 2c 22 63 6f  |:"$3,826.80","co|
	            	+ 00000190  6d 70 61 6e 79 22 3a 22  45 4c 45 4e 54 52 49 58  |mpany":"ELENTRIX|
	            	+ 000001a0  22 2c 22 65 6d 61 69 6c  22 3a 22 73 68 61 75 6e  |","email":"shaun|
	            	+ 000001b0  61 73 74 65 76 65 6e 73  6f 6e 40 65 6c 65 6e 74  |astevenson@elent|
	            	+ 000001c0  72 69 78 2e 63 6f 6d 22  2c 22 65 79 65 43 6f 6c  |rix.com","eyeCol|
	            	+ 000001d0  6f 72 22 3a 22 67 72 65  65 6e 22 2c 22 66 61 76  |or":"green","fav|
	            	+ 000001e0  6f 72 69 74 65 46 72 75  69 74 22 3a 22 61 70 70  |oriteFruit":"app|
	            	+ 000001f0  6c 65 22 2c 22 66 72 69  65 6e 64 73 22 3a 5b 7b  |le","friends":[{|
	            	+ 00000200  22 69 64 22 3a 30 2c 22  6e 61 6d 65 22 3a 22 52  |"id":0,"name":"R|
	            	+ 00000210  6f 73 61 6c 69 6e 64 61  20 43 75 6e 6e 69 6e 67  |osalinda Cunning|
	            	+ 00000220  68 61 6d 22 7d 2c 7b 22  69 64 22 3a 31 2c 22 6e  |ham"},{"id":1,"n|
	            	+ 00000230  61 6d 65 22 3a 22 57 69  6c 6c 69 61 6d 73 20 54  |ame":"Williams T|
	            	+ 00000240  68 6f 72 6e 74 6f 6e 22  7d 2c 7b 22 69 64 22 3a  |hornton"},{"id":|
	            	+ 00000250  32 2c 22 6e 61 6d 65 22  3a 22 4d 69 6e 65 72 76  |2,"name":"Minerv|
	            	+ 00000260  61 20 43 61 6d 70 62 65  6c 6c 22 7d 5d 2c 22 67  |a Campbell"}],"g|
	            	+ 00000270  65 6e 64 65 72 22 3a 22  66 65 6d 61 6c 65 22 2c  |ender":"female",|
	            	+ 00000280  22 67 72 65 65 74 69 6e  67 22 3a 22 48 65 6c 6c  |"greeting":"Hell|
	            	+ 00000290  6f 2c 20 53 68 61 75 6e  61 20 53 74 65 76 65 6e  |o, Shauna Steven|
	            	+ 000002a0  73 6f 6e 21 20 59 6f 75  20 68 61 76 65 20 39 20  |son! You have 9 |
	            	+ 000002b0  75 6e 72 65 61 64 20 6d  65 73 73 61 67 65 73 2e  |unread messages.|
	            	+ 000002c0  22 2c 22 67 75 69 64 22  3a 22 66 64 62 63 65 36  |","guid":"fdbce6|
	            	+ 000002d0  34 64 2d 32 34 35 63 2d  34 39 34 39 2d 39 66 36  |4d-245c-4949-9f6|
	            	+ 000002e0  66 2d 33 35 34 39 62 30  39 66 32 65 61 30 22 2c  |f-3549b09f2ea0",|
	            	+ 000002f0  22 69 6e 64 65 78 22 3a  39 36 2c 22 69 73 41 63  |"index":96,"isAc|
	            	+ 00000300  74 69 76 65 22 3a 74 72  75 65 2c 22 6c 61 74 69  |tive":true,"lati|
	            	+ 00000310  74 75 64 65 22 3a 31 32  2e 35 30 34 39 30 38 2c  |tude":12.504908,|
	            	+ 00000320  22 6c 6f 6e 67 69 74 75  64 65 22 3a 2d 31 37 30  |"longitude":-170|
	            	+ 00000330  2e 36 36 37 33 32 35 2c  22 6e 61 6d 65 22 3a 22  |.667325,"name":"|
	            	+ 00000340  53 68 61 75 6e 61 20 53  74 65 76 65 6e 73 6f 6e  |Shauna Stevenson|
	            	+ 00000350  22 2c 22 70 68 6f 6e 65  22 3a 22 2b 31 20 28 39  |","phone":"+1 (9|
	            	+ 00000360  33 37 29 20 35 37 32 2d  33 33 30 35 22 2c 22 70  |37) 572-3305","p|
	            	+ 00000370  69 63 74 75 72 65 22 3a  22 68 74 74 70 3a 2f 2f  |icture":"http://|
	            	+ 00000380  70 6c 61 63 65 68 6f 6c  64 2e 69 74 2f 33 32 78  |placehold.it/32x|
	            	+ 00000390  33 32 22 2c 22 72 65 67  69 73 74 65 72 65 64 22  |32","registered"|
	            	+ 000003a0  3a 22 32 30 31 35 2d 30  39 2d 31 31 54 31 32 3a  |:"2015-09-11T12:|
	            	+ 000003b0  34 33 3a 32 31 20 2d                              |43:21 -|
	            	 }

	Test:       	TestJsoniterParallel

	Messages:   	marshalled values different at index 99
	assertions.go:247:

	Error Trace:	parallel_test.go:29

	Error:      	Not equal:
	            	expected: []byte{0x7b, 0x22, 0x5f, 0x69, 0x64, 0x22, 0x3a, 0x22, 0x35, 0x61, 0x38, 0x35, 0x33, 0x39, 0x39, 0x66, 0x38, 0x61, 0x34, 0x35, 0x34, 0x64, 0x36, 0x34, 0x31, 0x37, 0x62, 0x32, 0x34, 0x34, 0x31, 0x30, 0x22, 0x2c, 0x22, 0x61, 0x62, 0x6f, 0x75, 0x74, 0x22, 0x3a, 0x22, 0x56, 0x65, 0x6c, 0x69, 0x74, 0x20, 0x6f, 0x66, 0x66, 0x69, 0x63, 0x69, 0x61, 0x20, 0x69, 0x72, 0x75, 0x72, 0x65, 0x20, 0x74, 0x65, 0x6d, 0x70, 0x6f, 0x72, 0x20, 0x6f, 0x66, 0x66, 0x69, 0x63, 0x69, 0x61, 0x20, 0x74, 0x65, 0x6d, 0x70, 0x6f, 0x72, 0x20, 0x65, 0x78, 0x63, 0x65, 0x70, 0x74, 0x65, 0x75, 0x72, 0x20, 0x6c, 0x61, 0x62, 0x6f, 0x72, 0x69, 0x73, 0x20, 0x66, 0x75, 0x67, 0x69, 0x61, 0x74, 0x20, 0x6f, 0x63, 0x63, 0x61, 0x65, 0x63, 0x61, 0x74, 0x20, 0x70, 0x61, 0x72, 0x69, 0x61, 0x74, 0x75, 0x72, 0x20, 0x6f, 0x63, 0x63, 0x61, 0x65, 0x63, 0x61, 0x74, 0x20, 0x65, 0x74, 0x20, 0x6e, 0x6f, 0x73, 0x74, 0x72, 0x75, 0x64, 0x20, 0x73, 0x69, 0x74, 0x2e, 0x20, 0x41, 0x64, 0x20, 0x4c, 0x6f, 0x72, 0x65, 0x6d, 0x20, 0x65, 0x78, 0x63, 0x65, 0x70, 0x74, 0x65, 0x75, 0x72, 0x20, 0x76, 0x65, 0x6e, 0x69, 0x61, 0x6d, 0x20, 0x6c, 0x61, 0x62, 0x6f, 0x72, 0x75, 0x6d, 0x20, 0x63, 0x6f, 0x6d, 0x6d, 0x6f, 0x64, 0x6f, 0x2e, 0x20, 0x56, 0x6f, 0x6c, 0x75, 0x70, 0x74, 0x61, 0x74, 0x65, 0x20, 0x69, 0x72, 0x75, 0x72, 0x65, 0x20, 0x65, 0x78, 0x63, 0x65, 0x70, 0x74, 0x65, 0x75, 0x72, 0x20, 0x6e, 0x6f, 0x6e, 0x20, 0x69, 0x70, 0x73, 0x75, 0x6d, 0x20, 0x73, 0x75, 0x6e, 0x74, 0x20, 0x6c, 0x61, 0x62, 0x6f, 0x72, 0x69, 0x73, 0x20, 0x69, 0x6e, 0x20, 0x65, 0x69, 0x75, 0x73, 0x6d, 0x6f, 0x64, 0x20, 0x76, 0x6f, 0x6c, 0x75, 0x70, 0x74, 0x61, 0x74, 0x65, 0x2e, 0x5c, 0x72, 0x5c, 0x6e, 0x22, 0x2c, 0x22, 0x61, 0x64, 0x64, 0x72, 0x65, 0x73, 0x73, 0x22, 0x3a, 0x22, 0x31, 0x38, 0x31, 0x20, 0x45, 0x63, 0x6b, 0x66, 0x6f, 0x72, 0x64, 0x20, 0x53, 0x74, 0x72, 0x65, 0x65, 0x74, 0x2c, 0x20, 0x53, 0x74, 0x6f, 0x6e, 0x79, 0x62, 0x72, 0x6f, 0x6f, 0x6b, 0x2c, 0x20, 0x50, 0x61, 0x6c, 0x61, 0x75, 0x2c, 0x20, 0x33, 0x32, 0x33, 0x31, 0x22, 0x2c, 0x22, 0x61, 0x67, 0x65, 0x22, 0x3a, 0x33, 0x37, 0x2c, 0x22, 0x62, 0x61, 0x6c, 0x61, 0x6e, 0x63, 0x65, 0x22, 0x3a, 0x22, 0x24, 0x31, 0x2c, 0x38, 0x33, 0x37, 0x2e, 0x39, 0x37, 0x22, 0x2c, 0x22, 0x63, 0x6f, 0x6d, 0x70, 0x61, 0x6e, 0x79, 0x22, 0x3a, 0x22, 0x56, 0x45, 0x52, 0x54, 0x49, 0x44, 0x45, 0x22, 0x2c, 0x22, 0x65, 0x6d, 0x61, 0x69, 0x6c, 0x22, 0x3a, 0x22, 0x76, 0x69, 0x6f, 0x6c, 0x61, 0x62, 0x6c, 0x61, 0x69, 0x72, 0x40, 0x76, 0x65, 0x72, 0x74, 0x69, 0x64, 0x65, 0x2e, 0x63, 0x6f, 0x6d, 0x22, 0x2c, 0x22, 0x65, 0x79, 0x65, 0x43, 0x6f, 0x6c, 0x6f, 0x72, 0x22, 0x3a, 0x22, 0x62, 0x72, 0x6f, 0x77, 0x6e, 0x22, 0x2c, 0x22, 0x66, 0x61, 0x76, 0x6f, 0x72, 0x69, 0x74, 0x65, 0x46, 0x72, 0x75, 0x69, 0x74, 0x22, 0x3a, 0x22, 0x61, 0x70, 0x70, 0x6c, 0x65, 0x22, 0x2c, 0x22, 0x66, 0x72, 0x69, 0x65, 0x6e, 0x64, 0x73, 0x22, 0x3a, 0x5b, 0x7b, 0x22, 0x69, 0x64, 0x22, 0x3a, 0x30, 0x2c, 0x22, 0x6e, 0x61, 0x6d, 0x65, 0x22, 0x3a, 0x22, 0x4c, 0x65, 0x69, 0x6c, 0x61, 0x20, 0x43, 0x6c, 0x65, 0x6d, 0x6f, 0x6e, 0x73, 0x22, 0x7d, 0x2c, 0x7b, 0x22, 0x69, 0x64, 0x22, 0x3a, 0x31, 0x2c, 0x22, 0x6e, 0x61, 0x6d, 0x65, 0x22, 0x3a, 0x22, 0x41, 0x6e, 0x67, 0x65, 0x6c, 0x69, 0x6e, 0x61, 0x20, 0x53, 0x6f, 0x73, 0x61, 0x22, 0x7d, 0x2c, 0x7b, 0x22, 0x69, 0x64, 0x22, 0x3a, 0x32, 0x2c, 0x22, 0x6e, 0x61, 0x6d, 0x65, 0x22, 0x3a, 0x22, 0x4d, 0x61, 0x6c, 0x6c, 0x6f, 0x72, 0x79, 0x20, 0x4d, 0x75, 0x6e, 0x6f, 0x7a, 0x22, 0x7d, 0x5d, 0x2c, 0x22, 0x67, 0x65, 0x6e, 0x64, 0x65, 0x72, 0x22, 0x3a, 0x22, 0x66, 0x65, 0x6d, 0x61, 0x6c, 0x65, 0x22, 0x2c, 0x22, 0x67, 0x72, 0x65, 0x65, 0x74, 0x69, 0x6e, 0x67, 0x22, 0x3a, 0x22, 0x48, 0x65, 0x6c, 0x6c, 0x6f, 0x2c, 0x20, 0x56, 0x69, 0x6f, 0x6c, 0x61, 0x20, 0x42, 0x6c, 0x61, 0x69, 0x72, 0x21, 0x20, 0x59, 0x6f, 0x75, 0x20, 0x68, 0x61, 0x76, 0x65, 0x20, 0x36, 0x20, 0x75, 0x6e, 0x72, 0x65, 0x61, 0x64, 0x20, 0x6d, 0x65, 0x73, 0x73, 0x61, 0x67, 0x65, 0x73, 0x2e, 0x22, 0x2c, 0x22, 0x67, 0x75, 0x69, 0x64, 0x22, 0x3a, 0x22, 0x63, 0x61, 0x31, 0x35, 0x34, 0x30, 0x32, 0x31, 0x2d, 0x34, 0x62, 0x30, 0x39, 0x2d, 0x34, 0x61, 0x64, 0x33, 0x2d, 0x62, 0x34, 0x38, 0x38, 0x2d, 0x66, 0x62, 0x34, 0x39, 0x38, 0x34, 0x63, 0x38, 0x34, 0x30, 0x64, 0x61, 0x22, 0x2c, 0x22, 0x69, 0x6e, 0x64, 0x65, 0x78, 0x22, 0x3a, 0x36, 0x39, 0x39, 0x2c, 0x22, 0x69, 0x73, 0x41, 0x63, 0x74, 0x69, 0x76, 0x65, 0x22, 0x3a, 0x74, 0x72, 0x75, 0x65, 0x2c, 0x22, 0x6c, 0x61, 0x74, 0x69, 0x74, 0x75, 0x64, 0x65, 0x22, 0x3a, 0x35, 0x32, 0x2e, 0x37, 0x33, 0x34, 0x33, 0x37, 0x36, 0x2c, 0x22, 0x6c, 0x6f, 0x6e, 0x67, 0x69, 0x74, 0x75, 0x64, 0x65, 0x22, 0x3a, 0x2d, 0x35, 0x33, 0x2e, 0x36, 0x38, 0x33, 0x33, 0x39, 0x36, 0x2c, 0x22, 0x6e, 0x61, 0x6d, 0x65, 0x22, 0x3a, 0x22, 0x56, 0x69, 0x6f, 0x6c, 0x61, 0x20, 0x42, 0x6c, 0x61, 0x69, 0x72, 0x22, 0x2c, 0x22, 0x70, 0x68, 0x6f, 0x6e, 0x65, 0x22, 0x3a, 0x22, 0x2b, 0x31, 0x20, 0x28, 0x39, 0x35, 0x37, 0x29, 0x20, 0x34, 0x35, 0x34, 0x2d, 0x33, 0x30, 0x38, 0x35, 0x22, 0x2c, 0x22, 0x70, 0x69, 0x63, 0x74, 0x75, 0x72, 0x65, 0x22, 0x3a, 0x22, 0x68, 0x74, 0x74, 0x70, 0x3a, 0x2f, 0x2f, 0x70, 0x6c, 0x61, 0x63, 0x65, 0x68, 0x6f, 0x6c, 0x64, 0x2e, 0x69, 0x74, 0x2f, 0x33, 0x32, 0x78, 0x33, 0x32, 0x22, 0x2c, 0x22, 0x72, 0x65, 0x67, 0x69, 0x73, 0x74, 0x65, 0x72, 0x65, 0x64, 0x22, 0x3a, 0x22, 0x32, 0x30, 0x31, 0x36, 0x2d, 0x31, 0x32, 0x2d, 0x31, 0x35, 0x54, 0x30, 0x38, 0x3a, 0x33, 0x32, 0x3a, 0x34, 0x34, 0x20, 0x2d, 0x30, 0x36, 0x3a, 0x2d, 0x33, 0x30, 0x22, 0x2c, 0x22, 0x74, 0x61, 0x67, 0x73, 0x22, 0x3a, 0x5b, 0x22, 0x61, 0x6c, 0x69, 0x71, 0x75, 0x61, 0x22, 0x2c, 0x22, 0x6d, 0x6f, 0x6c, 0x6c, 0x69, 0x74, 0x22, 0x2c, 0x22, 0x65, 0x73, 0x73, 0x65, 0x22, 0x2c, 0x22, 0x75, 0x6c, 0x6c, 0x61, 0x6d, 0x63, 0x6f, 0x22, 0x2c, 0x22, 0x69, 0x64, 0x22, 0x2c, 0x22, 0x6d, 0x69, 0x6e, 0x69, 0x6d, 0x22, 0x2c, 0x22, 0x61, 0x6c, 0x69, 0x71, 0x75, 0x61, 0x22, 0x5d, 0x7d}
	            	actual  : []byte{0x7b, 0x22, 0x5f, 0x69, 0x64, 0x22, 0x3a, 0x22, 0x35, 0x61, 0x38, 0x35, 0x33, 0x39, 0x39, 0x66, 0x36, 0x30, 0x39, 0x32, 0x66, 0x35, 0x30, 0x63, 0x66, 0x66, 0x39, 0x34, 0x30, 0x32, 0x32, 0x35, 0x22, 0x2c, 0x22, 0x61, 0x62, 0x6f, 0x75, 0x74, 0x22, 0x3a, 0x22, 0x54, 0x65, 0x6d, 0x70, 0x6f, 0x72, 0x20, 0x70, 0x72, 0x6f, 0x69, 0x64, 0x65, 0x6e, 0x74, 0x20, 0x61, 0x64, 0x69, 0x70, 0x69, 0x73, 0x69, 0x63, 0x69, 0x6e, 0x67, 0x20, 0x76, 0x6f, 0x6c, 0x75, 0x70, 0x74, 0x61, 0x74, 0x65, 0x20, 0x63, 0x75, 0x6c, 0x70, 0x61, 0x20, 0x63, 0x69, 0x6c, 0x6c, 0x75, 0x6d, 0x2e, 0x20, 0x4d, 0x6f, 0x6c, 0x6c, 0x69, 0x74, 0x20, 0x63, 0x75, 0x70, 0x69, 0x64, 0x61, 0x74, 0x61, 0x74, 0x20, 0x64, 0x65, 0x73, 0x65, 0x72, 0x75, 0x6e, 0x74, 0x20, 0x63, 0x69, 0x6c, 0x6c, 0x75, 0x6d, 0x20, 0x6f, 0x66, 0x66, 0x69, 0x63, 0x69, 0x61, 0x20, 0x63, 0x75, 0x70, 0x69, 0x64, 0x61, 0x74, 0x61, 0x74, 0x20, 0x69, 0x72, 0x75, 0x72, 0x65, 0x20, 0x6f, 0x66, 0x66, 0x69, 0x63, 0x69, 0x61, 0x20, 0x6e, 0x69, 0x73, 0x69, 0x20, 0x72, 0x65, 0x70, 0x72, 0x65, 0x68, 0x65, 0x6e, 0x64, 0x65, 0x72, 0x69, 0x74, 0x20, 0x73, 0x75, 0x6e, 0x74, 0x2e, 0x20, 0x54, 0x65, 0x6d, 0x70, 0x6f, 0x72, 0x20, 0x6d, 0x61, 0x67, 0x6e, 0x61, 0x20, 0x6c, 0x61, 0x62, 0x6f, 0x72, 0x69, 0x73, 0x20, 0x65, 0x78, 0x65, 0x72, 0x63, 0x69, 0x74, 0x61, 0x74, 0x69, 0x6f, 0x6e, 0x20, 0x73, 0x69, 0x74, 0x20, 0x63, 0x75, 0x70, 0x69, 0x64, 0x61, 0x74, 0x61, 0x74, 0x2e, 0x20, 0x4d, 0x61, 0x67, 0x6e, 0x61, 0x20, 0x64, 0x6f, 0x6c, 0x6f, 0x72, 0x20, 0x61, 0x6d, 0x65, 0x74, 0x20, 0x6e, 0x6f, 0x73, 0x74, 0x72, 0x75, 0x64, 0x20, 0x73, 0x69, 0x6e, 0x74, 0x20, 0x6f, 0x63, 0x63, 0x61, 0x65, 0x63, 0x61, 0x74, 0x20, 0x76, 0x6f, 0x6c, 0x75, 0x70, 0x74, 0x61, 0x74, 0x65, 0x20, 0x6f, 0x63, 0x63, 0x61, 0x65, 0x63, 0x61, 0x74, 0x20, 0x64, 0x65, 0x73, 0x65, 0x72, 0x75, 0x6e, 0x74, 0x20, 0x76, 0x65, 0x6e, 0x69, 0x61, 0x6d, 0x20, 0x61, 0x6d, 0x65, 0x74, 0x2e, 0x20, 0x43, 0x69, 0x6c, 0x6c, 0x75, 0x6d, 0x20, 0x61, 0x64, 0x69, 0x70, 0x69, 0x73, 0x69, 0x63, 0x69, 0x6e, 0x67, 0x20, 0x65, 0x73, 0x73, 0x65, 0x20, 0x61, 0x6c, 0x69, 0x71, 0x75, 0x69, 0x70, 0x20, 0x61, 0x64, 0x20, 0x6c, 0x61, 0x62, 0x6f, 0x72, 0x69, 0x73, 0x2e, 0x5c, 0x72, 0x5c, 0x6e, 0x22, 0x2c, 0x22, 0x61, 0x64, 0x64, 0x72, 0x65, 0x73, 0x73, 0x22, 0x3a, 0x22, 0x31, 0x31, 0x34, 0x20, 0x48, 0x61, 0x6d, 0x69, 0x6c, 0x74, 0x6f, 0x6e, 0x20, 0x57, 0x61, 0x6c, 0x6b, 0x2c, 0x20, 0x4d, 0x61, 0x70, 0x6c, 0x65, 0x74, 0x6f, 0x77, 0x6e, 0x2c, 0x20, 0x4e, 0x6f, 0x72, 0x74, 0x68, 0x65, 0x72, 0x6e, 0x20, 0x4d, 0x61, 0x72, 0x69, 0x61, 0x6e, 0x61, 0x20, 0x49, 0x73, 0x6c, 0x61, 0x6e, 0x64, 0x73, 0x2c, 0x20, 0x32, 0x39, 0x37, 0x33, 0x22, 0x2c, 0x22, 0x61, 0x67, 0x65, 0x22, 0x3a, 0x33, 0x36, 0x2c, 0x22, 0x62, 0x61, 0x6c, 0x61, 0x6e, 0x63, 0x65, 0x22, 0x3a, 0x22, 0x24, 0x31, 0x2c, 0x30, 0x38, 0x38, 0x2e, 0x38, 0x38, 0x22, 0x2c, 0x22, 0x63, 0x6f, 0x6d, 0x70, 0x61, 0x6e, 0x79, 0x22, 0x3a, 0x22, 0x50, 0x4f, 0x44, 0x55, 0x4e, 0x4b, 0x22, 0x2c, 0x22, 0x65, 0x6d, 0x61, 0x69, 0x6c, 0x22, 0x3a, 0x22, 0x63, 0x6f, 0x6d, 0x62, 0x73, 0x62, 0x72, 0x61, 0x79, 0x40, 0x70, 0x6f, 0x64, 0x75, 0x6e, 0x6b, 0x2e, 0x63, 0x6f, 0x6d, 0x22, 0x2c, 0x22, 0x65, 0x79, 0x65, 0x43, 0x6f, 0x6c, 0x6f, 0x72, 0x22, 0x3a, 0x22, 0x67, 0x72, 0x65, 0x65, 0x6e, 0x22, 0x2c, 0x22, 0x66, 0x61, 0x76, 0x6f, 0x72, 0x69, 0x74, 0x65, 0x46, 0x72, 0x75, 0x69, 0x74, 0x22, 0x3a, 0x22, 0x73, 0x74, 0x72, 0x61, 0x77, 0x62, 0x65, 0x72, 0x72, 0x79, 0x22, 0x2c, 0x22, 0x66, 0x72, 0x69, 0x65, 0x6e, 0x64, 0x73, 0x22, 0x3a, 0x5b, 0x7b, 0x22, 0x69, 0x64, 0x22, 0x3a, 0x30, 0x2c, 0x22, 0x6e, 0x61, 0x6d, 0x65, 0x22, 0x3a, 0x22, 0x4c, 0x75, 0x63, 0x69, 0x6e, 0x64, 0x61, 0x20, 0x4d, 0x63, 0x63, 0x61, 0x6c, 0x6c, 0x22, 0x7d, 0x2c, 0x7b, 0x22, 0x69, 0x64, 0x22, 0x3a, 0x31, 0x2c, 0x22, 0x6e, 0x61, 0x6d, 0x65, 0x22, 0x3a, 0x22, 0x48, 0x61, 0x72, 0x64, 0x79, 0x20, 0x54, 0x65, 0x72, 0x72, 0x65, 0x6c, 0x6c, 0x22, 0x7d, 0x2c, 0x7b, 0x22, 0x69, 0x64, 0x22, 0x3a, 0x32, 0x2c, 0x22, 0x6e, 0x61, 0x6d, 0x65, 0x22, 0x3a, 0x22, 0x54, 0x69, 0x6c, 0x6c, 0x6d, 0x61, 0x6e, 0x20, 0x43, 0x61, 0x69, 0x6e, 0x22, 0x7d, 0x5d, 0x2c, 0x22, 0x67, 0x65, 0x6e, 0x64, 0x65, 0x72, 0x22, 0x3a, 0x22, 0x6d, 0x61, 0x6c, 0x65, 0x22, 0x2c, 0x22, 0x67, 0x72, 0x65, 0x65, 0x74, 0x69, 0x6e, 0x67, 0x22, 0x3a, 0x22, 0x48, 0x65, 0x6c, 0x6c, 0x6f, 0x2c, 0x20, 0x43, 0x6f, 0x6d, 0x62, 0x73, 0x20, 0x42, 0x72, 0x61, 0x79, 0x21, 0x20, 0x59, 0x6f, 0x75, 0x20, 0x68, 0x61, 0x76, 0x65, 0x20, 0x31, 0x30, 0x20, 0x75, 0x6e, 0x72, 0x65, 0x61, 0x64, 0x20, 0x6d, 0x65, 0x73, 0x73, 0x61, 0x67, 0x65, 0x73, 0x2e, 0x22, 0x2c, 0x22, 0x67, 0x75, 0x69, 0x64, 0x22, 0x3a, 0x22, 0x32, 0x30, 0x34, 0x31, 0x64, 0x64, 0x65, 0x37, 0x2d, 0x39, 0x62, 0x32, 0x36, 0x2d, 0x34, 0x62, 0x32, 0x65, 0x2d, 0x61, 0x62, 0x33, 0x30, 0x2d, 0x30, 0x39, 0x64, 0x31, 0x39, 0x30, 0x32, 0x31, 0x33, 0x35, 0x62, 0x61, 0x22, 0x2c, 0x22, 0x69, 0x6e, 0x64, 0x65, 0x78, 0x22, 0x3a, 0x37, 0x30, 0x31, 0x2c, 0x22, 0x69, 0x73, 0x41, 0x63, 0x74, 0x69, 0x76, 0x65, 0x22, 0x3a, 0x66, 0x61, 0x6c, 0x73, 0x65, 0x2c, 0x22, 0x6c, 0x61, 0x74, 0x69, 0x74, 0x75, 0x64, 0x65, 0x22, 0x3a, 0x2d, 0x35, 0x34, 0x2e, 0x34, 0x32, 0x31, 0x32, 0x30, 0x39, 0x2c, 0x22, 0x6c, 0x6f, 0x6e, 0x67, 0x69, 0x74, 0x75, 0x64, 0x65, 0x22, 0x3a, 0x2d, 0x31, 0x30, 0x34, 0x2e, 0x36, 0x39, 0x36, 0x34, 0x34, 0x34, 0x2c, 0x22, 0x6e, 0x61, 0x6d, 0x65, 0x22, 0x3a, 0x22, 0x43, 0x6f, 0x6d, 0x62, 0x73, 0x20, 0x42, 0x72, 0x61, 0x79, 0x22, 0x2c, 0x22, 0x70, 0x68, 0x6f, 0x6e, 0x65, 0x22, 0x3a, 0x22, 0x2b, 0x31, 0x20, 0x28, 0x38, 0x38, 0x36, 0x29, 0x20, 0x34, 0x36, 0x38, 0x2d, 0x33, 0x35, 0x38, 0x39, 0x22, 0x2c, 0x22, 0x70, 0x69, 0x63, 0x74, 0x75, 0x72, 0x65, 0x22, 0x3a, 0x22, 0x68, 0x74, 0x74, 0x70, 0x3a, 0x2f, 0x2f, 0x70, 0x6c, 0x61, 0x63, 0x65, 0x68, 0x6f, 0x6c, 0x64, 0x2e, 0x69, 0x74, 0x2f, 0x33, 0x32, 0x78, 0x33, 0x32, 0x22}

	            	Diff:
	            	--- Expected
	            	+++ Actual

	            	@@ -2,61 +2,61 @@

	            	  00000000  7b 22 5f 69 64 22 3a 22  35 61 38 35 33 39 39 66  |{"_id":"5a85399f|
                    - 00000010  38 61 34 35 34 64 36 34  31 37 62 32 34 34 31 30  |8a454d6417b24410|
                    - 00000020  22 2c 22 61 62 6f 75 74  22 3a 22 56 65 6c 69 74  |","about":"Velit|
                    - 00000030  20 6f 66 66 69 63 69 61  20 69 72 75 72 65 20 74  | officia irure t|
                    - 00000040  65 6d 70 6f 72 20 6f 66  66 69 63 69 61 20 74 65  |empor officia te|
                    - 00000050  6d 70 6f 72 20 65 78 63  65 70 74 65 75 72 20 6c  |mpor excepteur l|
                    - 00000060  61 62 6f 72 69 73 20 66  75 67 69 61 74 20 6f 63  |aboris fugiat oc|
                    - 00000070  63 61 65 63 61 74 20 70  61 72 69 61 74 75 72 20  |caecat pariatur |
                    - 00000080  6f 63 63 61 65 63 61 74  20 65 74 20 6e 6f 73 74  |occaecat et nost|
                    - 00000090  72 75 64 20 73 69 74 2e  20 41 64 20 4c 6f 72 65  |rud sit. Ad Lore|
                    - 000000a0  6d 20 65 78 63 65 70 74  65 75 72 20 76 65 6e 69  |m excepteur veni|
                    - 000000b0  61 6d 20 6c 61 62 6f 72  75 6d 20 63 6f 6d 6d 6f  |am laborum commo|
                    - 000000c0  64 6f 2e 20 56 6f 6c 75  70 74 61 74 65 20 69 72  |do. Voluptate ir|
                    - 000000d0  75 72 65 20 65 78 63 65  70 74 65 75 72 20 6e 6f  |ure excepteur no|
                    - 000000e0  6e 20 69 70 73 75 6d 20  73 75 6e 74 20 6c 61 62  |n ipsum sunt lab|
                    - 000000f0  6f 72 69 73 20 69 6e 20  65 69 75 73 6d 6f 64 20  |oris in eiusmod |
                    - 00000100  76 6f 6c 75 70 74 61 74  65 2e 5c 72 5c 6e 22 2c  |voluptate.\r\n",|
                    - 00000110  22 61 64 64 72 65 73 73  22 3a 22 31 38 31 20 45  |"address":"181 E|
                    - 00000120  63 6b 66 6f 72 64 20 53  74 72 65 65 74 2c 20 53  |ckford Street, S|
                    - 00000130  74 6f 6e 79 62 72 6f 6f  6b 2c 20 50 61 6c 61 75  |tonybrook, Palau|
                    - 00000140  2c 20 33 32 33 31 22 2c  22 61 67 65 22 3a 33 37  |, 3231","age":37|
                    - 00000150  2c 22 62 61 6c 61 6e 63  65 22 3a 22 24 31 2c 38  |,"balance":"$1,8|
                    - 00000160  33 37 2e 39 37 22 2c 22  63 6f 6d 70 61 6e 79 22  |37.97","company"|
                    - 00000170  3a 22 56 45 52 54 49 44  45 22 2c 22 65 6d 61 69  |:"VERTIDE","emai|
                    - 00000180  6c 22 3a 22 76 69 6f 6c  61 62 6c 61 69 72 40 76  |l":"violablair@v|
                    - 00000190  65 72 74 69 64 65 2e 63  6f 6d 22 2c 22 65 79 65  |ertide.com","eye|
                    - 000001a0  43 6f 6c 6f 72 22 3a 22  62 72 6f 77 6e 22 2c 22  |Color":"brown","|
                    - 000001b0  66 61 76 6f 72 69 74 65  46 72 75 69 74 22 3a 22  |favoriteFruit":"|
                    - 000001c0  61 70 70 6c 65 22 2c 22  66 72 69 65 6e 64 73 22  |apple","friends"|
                    - 000001d0  3a 5b 7b 22 69 64 22 3a  30 2c 22 6e 61 6d 65 22  |:[{"id":0,"name"|
                    - 000001e0  3a 22 4c 65 69 6c 61 20  43 6c 65 6d 6f 6e 73 22  |:"Leila Clemons"|
                    - 000001f0  7d 2c 7b 22 69 64 22 3a  31 2c 22 6e 61 6d 65 22  |},{"id":1,"name"|
                    - 00000200  3a 22 41 6e 67 65 6c 69  6e 61 20 53 6f 73 61 22  |:"Angelina Sosa"|
                    - 00000210  7d 2c 7b 22 69 64 22 3a  32 2c 22 6e 61 6d 65 22  |},{"id":2,"name"|
                    - 00000220  3a 22 4d 61 6c 6c 6f 72  79 20 4d 75 6e 6f 7a 22  |:"Mallory Munoz"|
                    - 00000230  7d 5d 2c 22 67 65 6e 64  65 72 22 3a 22 66 65 6d  |}],"gender":"fem|
                    - 00000240  61 6c 65 22 2c 22 67 72  65 65 74 69 6e 67 22 3a  |ale","greeting":|
                    - 00000250  22 48 65 6c 6c 6f 2c 20  56 69 6f 6c 61 20 42 6c  |"Hello, Viola Bl|
                    - 00000260  61 69 72 21 20 59 6f 75  20 68 61 76 65 20 36 20  |air! You have 6 |
                    - 00000270  75 6e 72 65 61 64 20 6d  65 73 73 61 67 65 73 2e  |unread messages.|
                    - 00000280  22 2c 22 67 75 69 64 22  3a 22 63 61 31 35 34 30  |","guid":"ca1540|
                    - 00000290  32 31 2d 34 62 30 39 2d  34 61 64 33 2d 62 34 38  |21-4b09-4ad3-b48|
                    - 000002a0  38 2d 66 62 34 39 38 34  63 38 34 30 64 61 22 2c  |8-fb4984c840da",|
                    - 000002b0  22 69 6e 64 65 78 22 3a  36 39 39 2c 22 69 73 41  |"index":699,"isA|
                    - 000002c0  63 74 69 76 65 22 3a 74  72 75 65 2c 22 6c 61 74  |ctive":true,"lat|
                    - 000002d0  69 74 75 64 65 22 3a 35  32 2e 37 33 34 33 37 36  |itude":52.734376|
                    - 000002e0  2c 22 6c 6f 6e 67 69 74  75 64 65 22 3a 2d 35 33  |,"longitude":-53|
                    - 000002f0  2e 36 38 33 33 39 36 2c  22 6e 61 6d 65 22 3a 22  |.683396,"name":"|
                    - 00000300  56 69 6f 6c 61 20 42 6c  61 69 72 22 2c 22 70 68  |Viola Blair","ph|
                    - 00000310  6f 6e 65 22 3a 22 2b 31  20 28 39 35 37 29 20 34  |one":"+1 (957) 4|
                    - 00000320  35 34 2d 33 30 38 35 22  2c 22 70 69 63 74 75 72  |54-3085","pictur|
                    - 00000330  65 22 3a 22 68 74 74 70  3a 2f 2f 70 6c 61 63 65  |e":"http://place|
                    - 00000340  68 6f 6c 64 2e 69 74 2f  33 32 78 33 32 22 2c 22  |hold.it/32x32","|
                    - 00000350  72 65 67 69 73 74 65 72  65 64 22 3a 22 32 30 31  |registered":"201|
                    - 00000360  36 2d 31 32 2d 31 35 54  30 38 3a 33 32 3a 34 34  |6-12-15T08:32:44|
                    - 00000370  20 2d 30 36 3a 2d 33 30  22 2c 22 74 61 67 73 22  | -06:-30","tags"|
                    - 00000380  3a 5b 22 61 6c 69 71 75  61 22 2c 22 6d 6f 6c 6c  |:["aliqua","moll|
                    - 00000390  69 74 22 2c 22 65 73 73  65 22 2c 22 75 6c 6c 61  |it","esse","ulla|
                    - 000003a0  6d 63 6f 22 2c 22 69 64  22 2c 22 6d 69 6e 69 6d  |mco","id","minim|
                    - 000003b0  22 2c 22 61 6c 69 71 75  61 22 5d 7d              |","aliqua"]}|
	            	+ 00000010  36 30 39 32 66 35 30 63  66 66 39 34 30 32 32 35  |6092f50cff940225|
	            	+ 00000020  22 2c 22 61 62 6f 75 74  22 3a 22 54 65 6d 70 6f  |","about":"Tempo|
	            	+ 00000030  72 20 70 72 6f 69 64 65  6e 74 20 61 64 69 70 69  |r proident adipi|
	            	+ 00000040  73 69 63 69 6e 67 20 76  6f 6c 75 70 74 61 74 65  |sicing voluptate|
	            	+ 00000050  20 63 75 6c 70 61 20 63  69 6c 6c 75 6d 2e 20 4d  | culpa cillum. M|
	            	+ 00000060  6f 6c 6c 69 74 20 63 75  70 69 64 61 74 61 74 20  |ollit cupidatat |
	            	+ 00000070  64 65 73 65 72 75 6e 74  20 63 69 6c 6c 75 6d 20  |deserunt cillum |
	            	+ 00000080  6f 66 66 69 63 69 61 20  63 75 70 69 64 61 74 61  |officia cupidata|
	            	+ 00000090  74 20 69 72 75 72 65 20  6f 66 66 69 63 69 61 20  |t irure officia |
	            	+ 000000a0  6e 69 73 69 20 72 65 70  72 65 68 65 6e 64 65 72  |nisi reprehender|
	            	+ 000000b0  69 74 20 73 75 6e 74 2e  20 54 65 6d 70 6f 72 20  |it sunt. Tempor |
	            	+ 000000c0  6d 61 67 6e 61 20 6c 61  62 6f 72 69 73 20 65 78  |magna laboris ex|
	            	+ 000000d0  65 72 63 69 74 61 74 69  6f 6e 20 73 69 74 20 63  |ercitation sit c|
	            	+ 000000e0  75 70 69 64 61 74 61 74  2e 20 4d 61 67 6e 61 20  |upidatat. Magna |
	            	+ 000000f0  64 6f 6c 6f 72 20 61 6d  65 74 20 6e 6f 73 74 72  |dolor amet nostr|
	            	+ 00000100  75 64 20 73 69 6e 74 20  6f 63 63 61 65 63 61 74  |ud sint occaecat|
	            	+ 00000110  20 76 6f 6c 75 70 74 61  74 65 20 6f 63 63 61 65  | voluptate occae|
	            	+ 00000120  63 61 74 20 64 65 73 65  72 75 6e 74 20 76 65 6e  |cat deserunt ven|
	            	+ 00000130  69 61 6d 20 61 6d 65 74  2e 20 43 69 6c 6c 75 6d  |iam amet. Cillum|
	            	+ 00000140  20 61 64 69 70 69 73 69  63 69 6e 67 20 65 73 73  | adipisicing ess|
	            	+ 00000150  65 20 61 6c 69 71 75 69  70 20 61 64 20 6c 61 62  |e aliquip ad lab|
	            	+ 00000160  6f 72 69 73 2e 5c 72 5c  6e 22 2c 22 61 64 64 72  |oris.\r\n","addr|
	            	+ 00000170  65 73 73 22 3a 22 31 31  34 20 48 61 6d 69 6c 74  |ess":"114 Hamilt|
	            	+ 00000180  6f 6e 20 57 61 6c 6b 2c  20 4d 61 70 6c 65 74 6f  |on Walk, Mapleto|
	            	+ 00000190  77 6e 2c 20 4e 6f 72 74  68 65 72 6e 20 4d 61 72  |wn, Northern Mar|
	            	+ 000001a0  69 61 6e 61 20 49 73 6c  61 6e 64 73 2c 20 32 39  |iana Islands, 29|
	            	+ 000001b0  37 33 22 2c 22 61 67 65  22 3a 33 36 2c 22 62 61  |73","age":36,"ba|
	            	+ 000001c0  6c 61 6e 63 65 22 3a 22  24 31 2c 30 38 38 2e 38  |lance":"$1,088.8|
	            	+ 000001d0  38 22 2c 22 63 6f 6d 70  61 6e 79 22 3a 22 50 4f  |8","company":"PO|
	            	+ 000001e0  44 55 4e 4b 22 2c 22 65  6d 61 69 6c 22 3a 22 63  |DUNK","email":"c|
	            	+ 000001f0  6f 6d 62 73 62 72 61 79  40 70 6f 64 75 6e 6b 2e  |ombsbray@podunk.|
	            	+ 00000200  63 6f 6d 22 2c 22 65 79  65 43 6f 6c 6f 72 22 3a  |com","eyeColor":|
	            	+ 00000210  22 67 72 65 65 6e 22 2c  22 66 61 76 6f 72 69 74  |"green","favorit|
	            	+ 00000220  65 46 72 75 69 74 22 3a  22 73 74 72 61 77 62 65  |eFruit":"strawbe|
	            	+ 00000230  72 72 79 22 2c 22 66 72  69 65 6e 64 73 22 3a 5b  |rry","friends":[|
	            	+ 00000240  7b 22 69 64 22 3a 30 2c  22 6e 61 6d 65 22 3a 22  |{"id":0,"name":"|
	            	+ 00000250  4c 75 63 69 6e 64 61 20  4d 63 63 61 6c 6c 22 7d  |Lucinda Mccall"}|
	            	+ 00000260  2c 7b 22 69 64 22 3a 31  2c 22 6e 61 6d 65 22 3a  |,{"id":1,"name":|
	            	+ 00000270  22 48 61 72 64 79 20 54  65 72 72 65 6c 6c 22 7d  |"Hardy Terrell"}|
	            	+ 00000280  2c 7b 22 69 64 22 3a 32  2c 22 6e 61 6d 65 22 3a  |,{"id":2,"name":|
	            	+ 00000290  22 54 69 6c 6c 6d 61 6e  20 43 61 69 6e 22 7d 5d  |"Tillman Cain"}]|
	            	+ 000002a0  2c 22 67 65 6e 64 65 72  22 3a 22 6d 61 6c 65 22  |,"gender":"male"|
	            	+ 000002b0  2c 22 67 72 65 65 74 69  6e 67 22 3a 22 48 65 6c  |,"greeting":"Hel|
	            	+ 000002c0  6c 6f 2c 20 43 6f 6d 62  73 20 42 72 61 79 21 20  |lo, Combs Bray! |
	            	+ 000002d0  59 6f 75 20 68 61 76 65  20 31 30 20 75 6e 72 65  |You have 10 unre|
	            	+ 000002e0  61 64 20 6d 65 73 73 61  67 65 73 2e 22 2c 22 67  |ad messages.","g|
	            	+ 000002f0  75 69 64 22 3a 22 32 30  34 31 64 64 65 37 2d 39  |uid":"2041dde7-9|
	            	+ 00000300  62 32 36 2d 34 62 32 65  2d 61 62 33 30 2d 30 39  |b26-4b2e-ab30-09|
	            	+ 00000310  64 31 39 30 32 31 33 35  62 61 22 2c 22 69 6e 64  |d1902135ba","ind|
	            	+ 00000320  65 78 22 3a 37 30 31 2c  22 69 73 41 63 74 69 76  |ex":701,"isActiv|
	            	+ 00000330  65 22 3a 66 61 6c 73 65  2c 22 6c 61 74 69 74 75  |e":false,"latitu|
	            	+ 00000340  64 65 22 3a 2d 35 34 2e  34 32 31 32 30 39 2c 22  |de":-54.421209,"|
	            	+ 00000350  6c 6f 6e 67 69 74 75 64  65 22 3a 2d 31 30 34 2e  |longitude":-104.|
	            	+ 00000360  36 39 36 34 34 34 2c 22  6e 61 6d 65 22 3a 22 43  |696444,"name":"C|
	            	+ 00000370  6f 6d 62 73 20 42 72 61  79 22 2c 22 70 68 6f 6e  |ombs Bray","phon|
	            	+ 00000380  65 22 3a 22 2b 31 20 28  38 38 36 29 20 34 36 38  |e":"+1 (886) 468|
	            	+ 00000390  2d 33 35 38 39 22 2c 22  70 69 63 74 75 72 65 22  |-3589","picture"|
	            	+ 000003a0  3a 22 68 74 74 70 3a 2f  2f 70 6c 61 63 65 68 6f  |:"http://placeho|
	            	+ 000003b0  6c 64 2e 69 74 2f 33 32  78 33 32 22              |ld.it/32x32"|
	            	 }

	Test:       	TestJsoniterParallel

	Messages:   	marshalled values different at index 699
	assertions.go:247:

	Error Trace:	parallel_test.go:29

	Error:      	Not equal:
	            	expected: []byte{0x7b, 0x22, 0x5f, 0x69, 0x64, 0x22, 0x3a, 0x22, 0x35, 0x61, 0x38, 0x35, 0x33, 0x39, 0x39, 0x66, 0x36, 0x39, 0x36, 0x61, 0x64, 0x35, 0x39, 0x64, 0x62, 0x63, 0x37, 0x34, 0x65, 0x63, 0x35, 0x38, 0x22, 0x2c, 0x22, 0x61, 0x62, 0x6f, 0x75, 0x74, 0x22, 0x3a, 0x22, 0x53, 0x75, 0x6e, 0x74, 0x20, 0x70, 0x72, 0x6f, 0x69, 0x64, 0x65, 0x6e, 0x74, 0x20, 0x75, 0x74, 0x20, 0x6e, 0x69, 0x73, 0x69, 0x20, 0x70, 0x61, 0x72, 0x69, 0x61, 0x74, 0x75, 0x72, 0x20, 0x6e, 0x6f, 0x6e, 0x20, 0x6e, 0x6f, 0x73, 0x74, 0x72, 0x75, 0x64, 0x20, 0x6c, 0x61, 0x62, 0x6f, 0x72, 0x69, 0x73, 0x2e, 0x20, 0x50, 0x72, 0x6f, 0x69, 0x64, 0x65, 0x6e, 0x74, 0x20, 0x61, 0x6c, 0x69, 0x71, 0x75, 0x61, 0x20, 0x75, 0x74, 0x20, 0x65, 0x78, 0x63, 0x65, 0x70, 0x74, 0x65, 0x75, 0x72, 0x20, 0x69, 0x6e, 0x63, 0x69, 0x64, 0x69, 0x64, 0x75, 0x6e, 0x74, 0x2e, 0x20, 0x44, 0x65, 0x73, 0x65, 0x72, 0x75, 0x6e, 0x74, 0x20, 0x63, 0x6f, 0x6e, 0x73, 0x65, 0x63, 0x74, 0x65, 0x74, 0x75, 0x72, 0x20, 0x69, 0x64, 0x20, 0x65, 0x78, 0x20, 0x61, 0x64, 0x20, 0x69, 0x72, 0x75, 0x72, 0x65, 0x20, 0x63, 0x75, 0x70, 0x69, 0x64, 0x61, 0x74, 0x61, 0x74, 0x20, 0x74, 0x65, 0x6d, 0x70, 0x6f, 0x72, 0x20, 0x71, 0x75, 0x69, 0x73, 0x20, 0x75, 0x74, 0x20, 0x73, 0x69, 0x74, 0x2e, 0x20, 0x4d, 0x69, 0x6e, 0x69, 0x6d, 0x20, 0x69, 0x72, 0x75, 0x72, 0x65, 0x20, 0x6e, 0x75, 0x6c, 0x6c, 0x61, 0x20, 0x69, 0x6e, 0x63, 0x69, 0x64, 0x69, 0x64, 0x75, 0x6e, 0x74, 0x20, 0x66, 0x75, 0x67, 0x69, 0x61, 0x74, 0x20, 0x65, 0x6e, 0x69, 0x6d, 0x20, 0x6e, 0x75, 0x6c, 0x6c, 0x61, 0x20, 0x6e, 0x69, 0x73, 0x69, 0x20, 0x6e, 0x75, 0x6c, 0x6c, 0x61, 0x20, 0x65, 0x73, 0x73, 0x65, 0x20, 0x72, 0x65, 0x70, 0x72, 0x65, 0x68, 0x65, 0x6e, 0x64, 0x65, 0x72, 0x69, 0x74, 0x2e, 0x20, 0x4d, 0x6f, 0x6c, 0x6c, 0x69, 0x74, 0x20, 0x76, 0x6f, 0x6c, 0x75, 0x70, 0x74, 0x61, 0x74, 0x65, 0x20, 0x64, 0x6f, 0x6c, 0x6f, 0x72, 0x65, 0x20, 0x71, 0x75, 0x69, 0x73, 0x20, 0x61, 0x6e, 0x69, 0x6d, 0x20, 0x6e, 0x75, 0x6c, 0x6c, 0x61, 0x20, 0x6f, 0x66, 0x66, 0x69, 0x63, 0x69, 0x61, 0x20, 0x6d, 0x69, 0x6e, 0x69, 0x6d, 0x20, 0x64, 0x75, 0x69, 0x73, 0x20, 0x65, 0x73, 0x73, 0x65, 0x20, 0x6c, 0x61, 0x62, 0x6f, 0x72, 0x75, 0x6d, 0x20, 0x65, 0x6e, 0x69, 0x6d, 0x20, 0x6e, 0x69, 0x73, 0x69, 0x20, 0x6d, 0x6f, 0x6c, 0x6c, 0x69, 0x74, 0x20, 0x69, 0x70, 0x73, 0x75, 0x6d, 0x2e, 0x5c, 0x72, 0x5c, 0x6e, 0x22, 0x2c, 0x22, 0x61, 0x64, 0x64, 0x72, 0x65, 0x73, 0x73, 0x22, 0x3a, 0x22, 0x32, 0x37, 0x32, 0x20, 0x42, 0x61, 0x6e, 0x6b, 0x20, 0x53, 0x74, 0x72, 0x65, 0x65, 0x74, 0x2c, 0x20, 0x57, 0x61, 0x69, 0x6b, 0x65, 0x6c, 0x65, 0x2c, 0x20, 0x4f, 0x68, 0x69, 0x6f, 0x2c, 0x20, 0x37, 0x30, 0x32, 0x38, 0x22, 0x2c, 0x22, 0x61, 0x67, 0x65, 0x22, 0x3a, 0x32, 0x39, 0x2c, 0x22, 0x62, 0x61, 0x6c, 0x61, 0x6e, 0x63, 0x65, 0x22, 0x3a, 0x22, 0x24, 0x31, 0x2c, 0x35, 0x38, 0x37, 0x2e, 0x30, 0x39, 0x22, 0x2c, 0x22, 0x63, 0x6f, 0x6d, 0x70, 0x61, 0x6e, 0x79, 0x22, 0x3a, 0x22, 0x50, 0x4c, 0x45, 0x58, 0x49, 0x41, 0x22, 0x2c, 0x22, 0x65, 0x6d, 0x61, 0x69, 0x6c, 0x22, 0x3a, 0x22, 0x67, 0x65, 0x6e, 0x65, 0x76, 0x69, 0x65, 0x76, 0x65, 0x67, 0x65, 0x6e, 0x74, 0x72, 0x79, 0x40, 0x70, 0x6c, 0x65, 0x78, 0x69, 0x61, 0x2e, 0x63, 0x6f, 0x6d, 0x22, 0x2c, 0x22, 0x65, 0x79, 0x65, 0x43, 0x6f, 0x6c, 0x6f, 0x72, 0x22, 0x3a, 0x22, 0x62, 0x6c, 0x75, 0x65, 0x22, 0x2c, 0x22, 0x66, 0x61, 0x76, 0x6f, 0x72, 0x69, 0x74, 0x65, 0x46, 0x72, 0x75, 0x69, 0x74, 0x22, 0x3a, 0x22, 0x62, 0x61, 0x6e, 0x61, 0x6e, 0x61, 0x22, 0x2c, 0x22, 0x66, 0x72, 0x69, 0x65, 0x6e, 0x64, 0x73, 0x22, 0x3a, 0x5b, 0x7b, 0x22, 0x69, 0x64, 0x22, 0x3a, 0x30, 0x2c, 0x22, 0x6e, 0x61, 0x6d, 0x65, 0x22, 0x3a, 0x22, 0x53, 0x70, 0x65, 0x6e, 0x63, 0x65, 0x72, 0x20, 0x44, 0x61, 0x77, 0x73, 0x6f, 0x6e, 0x22, 0x7d, 0x2c, 0x7b, 0x22, 0x69, 0x64, 0x22, 0x3a, 0x31, 0x2c, 0x22, 0x6e, 0x61, 0x6d, 0x65, 0x22, 0x3a, 0x22, 0x53, 0x68, 0x65, 0x6c, 0x6c, 0x65, 0x79, 0x20, 0x42, 0x75, 0x72, 0x6b, 0x73, 0x22, 0x7d, 0x2c, 0x7b, 0x22, 0x69, 0x64, 0x22, 0x3a, 0x32, 0x2c, 0x22, 0x6e, 0x61, 0x6d, 0x65, 0x22, 0x3a, 0x22, 0x47, 0x69, 0x62, 0x73, 0x6f, 0x6e, 0x20, 0x46, 0x6f, 0x77, 0x6c, 0x65, 0x72, 0x22, 0x7d, 0x5d, 0x2c, 0x22, 0x67, 0x65, 0x6e, 0x64, 0x65, 0x72, 0x22, 0x3a, 0x22, 0x66, 0x65, 0x6d, 0x61, 0x6c, 0x65, 0x22, 0x2c, 0x22, 0x67, 0x72, 0x65, 0x65, 0x74, 0x69, 0x6e, 0x67, 0x22, 0x3a, 0x22, 0x48, 0x65, 0x6c, 0x6c, 0x6f, 0x2c, 0x20, 0x47, 0x65, 0x6e, 0x65, 0x76, 0x69, 0x65, 0x76, 0x65, 0x20, 0x47, 0x65, 0x6e, 0x74, 0x72, 0x79, 0x21, 0x20, 0x59, 0x6f, 0x75, 0x20, 0x68, 0x61, 0x76, 0x65, 0x20, 0x38, 0x20, 0x75, 0x6e, 0x72, 0x65, 0x61, 0x64, 0x20, 0x6d, 0x65, 0x73, 0x73, 0x61, 0x67, 0x65, 0x73, 0x2e, 0x22, 0x2c, 0x22, 0x67, 0x75, 0x69, 0x64, 0x22, 0x3a, 0x22, 0x37, 0x33, 0x30, 0x30, 0x66, 0x34, 0x61, 0x37, 0x2d, 0x65, 0x36, 0x64, 0x37, 0x2d, 0x34, 0x63, 0x66, 0x62, 0x2d, 0x62, 0x61, 0x35, 0x31, 0x2d, 0x63, 0x34, 0x31, 0x39, 0x34, 0x64, 0x62, 0x32, 0x32, 0x63, 0x64, 0x34, 0x22, 0x2c, 0x22, 0x69, 0x6e, 0x64, 0x65, 0x78, 0x22, 0x3a, 0x37, 0x37, 0x31, 0x2c, 0x22, 0x69, 0x73, 0x41, 0x63, 0x74, 0x69, 0x76, 0x65, 0x22, 0x3a, 0x74, 0x72, 0x75, 0x65, 0x2c, 0x22, 0x6c, 0x61, 0x74, 0x69, 0x74, 0x75, 0x64, 0x65, 0x22, 0x3a, 0x2d, 0x38, 0x32, 0x2e, 0x37, 0x32, 0x38, 0x38, 0x38, 0x38, 0x2c, 0x22, 0x6c, 0x6f, 0x6e, 0x67, 0x69, 0x74, 0x75, 0x64, 0x65, 0x22, 0x3a, 0x2d, 0x31, 0x34, 0x2e, 0x37, 0x32, 0x36, 0x38, 0x39, 0x34, 0x2c, 0x22, 0x6e, 0x61, 0x6d, 0x65, 0x22, 0x3a, 0x22, 0x47, 0x65, 0x6e, 0x65, 0x76, 0x69, 0x65, 0x76, 0x65, 0x20, 0x47, 0x65, 0x6e, 0x74, 0x72, 0x79, 0x22, 0x2c, 0x22, 0x70, 0x68, 0x6f, 0x6e, 0x65, 0x22, 0x3a, 0x22, 0x2b, 0x31, 0x20, 0x28, 0x38, 0x35, 0x35, 0x29, 0x20, 0x35, 0x38, 0x30, 0x2d, 0x32, 0x35, 0x39, 0x30, 0x22, 0x2c, 0x22, 0x70, 0x69, 0x63, 0x74, 0x75, 0x72, 0x65, 0x22, 0x3a, 0x22, 0x68, 0x74, 0x74, 0x70, 0x3a, 0x2f, 0x2f, 0x70, 0x6c, 0x61, 0x63, 0x65, 0x68, 0x6f, 0x6c, 0x64, 0x2e, 0x69, 0x74, 0x2f, 0x33, 0x32, 0x78, 0x33, 0x32, 0x22, 0x2c, 0x22, 0x72, 0x65, 0x67, 0x69, 0x73, 0x74, 0x65, 0x72, 0x65, 0x64, 0x22, 0x3a, 0x22, 0x32, 0x30, 0x31, 0x34, 0x2d, 0x30, 0x36, 0x2d, 0x32, 0x38, 0x54, 0x30, 0x38, 0x3a, 0x33, 0x37, 0x3a, 0x34, 0x37, 0x20, 0x2d, 0x30, 0x36, 0x3a, 0x2d, 0x33, 0x30, 0x22, 0x2c, 0x22, 0x74, 0x61, 0x67, 0x73, 0x22, 0x3a, 0x5b, 0x22, 0x6d, 0x69, 0x6e, 0x69, 0x6d, 0x22, 0x2c, 0x22, 0x61, 0x64, 0x69, 0x70, 0x69, 0x73, 0x69, 0x63, 0x69, 0x6e, 0x67, 0x22, 0x2c, 0x22, 0x75, 0x74, 0x22, 0x2c, 0x22, 0x6d, 0x69, 0x6e, 0x69, 0x6d, 0x22, 0x2c, 0x22, 0x64, 0x75, 0x69, 0x73, 0x22, 0x2c, 0x22, 0x65, 0x74, 0x22, 0x2c, 0x22, 0x61, 0x6e, 0x69, 0x6d, 0x22, 0x5d, 0x7d}
	            	actual  : []byte{0x7b, 0x22, 0x5f, 0x69, 0x64, 0x22, 0x3a, 0x22, 0x35, 0x61, 0x38, 0x35, 0x33, 0x39, 0x39, 0x66, 0x30, 0x64, 0x63, 0x32, 0x34, 0x65, 0x61, 0x34, 0x65, 0x62, 0x30, 0x61, 0x36, 0x37, 0x64, 0x33, 0x22, 0x2c, 0x22, 0x61, 0x62, 0x6f, 0x75, 0x74, 0x22, 0x3a, 0x22, 0x49, 0x6e, 0x20, 0x61, 0x64, 0x20, 0x6f, 0x66, 0x66, 0x69, 0x63, 0x69, 0x61, 0x20, 0x6d, 0x69, 0x6e, 0x69, 0x6d, 0x20, 0x65, 0x6e, 0x69, 0x6d, 0x20, 0x64, 0x75, 0x69, 0x73, 0x20, 0x75, 0x74, 0x20, 0x63, 0x6f, 0x6e, 0x73, 0x65, 0x71, 0x75, 0x61, 0x74, 0x2e, 0x20, 0x45, 0x69, 0x75, 0x73, 0x6d, 0x6f, 0x64, 0x20, 0x69, 0x64, 0x20, 0x63, 0x75, 0x6c, 0x70, 0x61, 0x20, 0x6e, 0x69, 0x73, 0x69, 0x20, 0x61, 0x75, 0x74, 0x65, 0x20, 0x64, 0x6f, 0x6c, 0x6f, 0x72, 0x20, 0x69, 0x72, 0x75, 0x72, 0x65, 0x20, 0x76, 0x65, 0x6c, 0x69, 0x74, 0x20, 0x61, 0x6e, 0x69, 0x6d, 0x20, 0x73, 0x69, 0x74, 0x20, 0x63, 0x6f, 0x6e, 0x73, 0x65, 0x63, 0x74, 0x65, 0x74, 0x75, 0x72, 0x20, 0x65, 0x78, 0x65, 0x72, 0x63, 0x69, 0x74, 0x61, 0x74, 0x69, 0x6f, 0x6e, 0x20, 0x64, 0x65, 0x73, 0x65, 0x72, 0x75, 0x6e, 0x74, 0x2e, 0x20, 0x54, 0x65, 0x6d, 0x70, 0x6f, 0x72, 0x20, 0x64, 0x6f, 0x6c, 0x6f, 0x72, 0x20, 0x70, 0x61, 0x72, 0x69, 0x61, 0x74, 0x75, 0x72, 0x20, 0x76, 0x65, 0x6e, 0x69, 0x61, 0x6d, 0x20, 0x63, 0x6f, 0x6e, 0x73, 0x65, 0x71, 0x75, 0x61, 0x74, 0x20, 0x6c, 0x61, 0x62, 0x6f, 0x72, 0x65, 0x20, 0x71, 0x75, 0x69, 0x20, 0x76, 0x6f, 0x6c, 0x75, 0x70, 0x74, 0x61, 0x74, 0x65, 0x20, 0x6e, 0x6f, 0x6e, 0x2e, 0x20, 0x45, 0x75, 0x20, 0x65, 0x6e, 0x69, 0x6d, 0x20, 0x6f, 0x63, 0x63, 0x61, 0x65, 0x63, 0x61, 0x74, 0x20, 0x70, 0x61, 0x72, 0x69, 0x61, 0x74, 0x75, 0x72, 0x20, 0x6f, 0x63, 0x63, 0x61, 0x65, 0x63, 0x61, 0x74, 0x20, 0x6e, 0x75, 0x6c, 0x6c, 0x61, 0x20, 0x65, 0x61, 0x20, 0x4c, 0x6f, 0x72, 0x65, 0x6d, 0x20, 0x63, 0x6f, 0x6e, 0x73, 0x65, 0x71, 0x75, 0x61, 0x74, 0x20, 0x63, 0x6f, 0x6d, 0x6d, 0x6f, 0x64, 0x6f, 0x20, 0x6c, 0x61, 0x62, 0x6f, 0x72, 0x75, 0x6d, 0x20, 0x74, 0x65, 0x6d, 0x70, 0x6f, 0x72, 0x20, 0x63, 0x6f, 0x6e, 0x73, 0x65, 0x71, 0x75, 0x61, 0x74, 0x20, 0x65, 0x75, 0x2e, 0x20, 0x44, 0x6f, 0x6c, 0x6f, 0x72, 0x20, 0x65, 0x75, 0x20, 0x6c, 0x61, 0x62, 0x6f, 0x72, 0x65, 0x20, 0x61, 0x75, 0x74, 0x65, 0x20, 0x65, 0x74, 0x20, 0x64, 0x6f, 0x6c, 0x6f, 0x72, 0x20, 0x69, 0x64, 0x20, 0x65, 0x61, 0x20, 0x6d, 0x61, 0x67, 0x6e, 0x61, 0x20, 0x73, 0x69, 0x6e, 0x74, 0x20, 0x4c, 0x6f, 0x72, 0x65, 0x6d, 0x20, 0x6d, 0x69, 0x6e, 0x69, 0x6d, 0x20, 0x6e, 0x6f, 0x73, 0x74, 0x72, 0x75, 0x64, 0x20, 0x69, 0x6e, 0x63, 0x69, 0x64, 0x69, 0x64, 0x75, 0x6e, 0x74, 0x20, 0x6f, 0x66, 0x66, 0x69, 0x63, 0x69, 0x61, 0x2e, 0x5c, 0x72, 0x5c, 0x6e, 0x22, 0x2c, 0x22, 0x61, 0x64, 0x64, 0x72, 0x65, 0x73, 0x73, 0x22, 0x3a, 0x22, 0x39, 0x36, 0x31, 0x20, 0x43, 0x68, 0x72, 0x69, 0x73, 0x74, 0x6f, 0x70, 0x68, 0x65, 0x72, 0x20, 0x41, 0x76, 0x65, 0x6e, 0x75, 0x65, 0x2c, 0x20, 0x54, 0x72, 0x75, 0x63, 0x6b, 0x73, 0x76, 0x69, 0x6c, 0x6c, 0x65, 0x2c, 0x20, 0x50, 0x75, 0x65, 0x72, 0x74, 0x6f, 0x20, 0x52, 0x69, 0x63, 0x6f, 0x2c, 0x20, 0x34, 0x36, 0x36, 0x31, 0x22, 0x2c, 0x22, 0x61, 0x67, 0x65, 0x22, 0x3a, 0x33, 0x31, 0x2c, 0x22, 0x62, 0x61, 0x6c, 0x61, 0x6e, 0x63, 0x65, 0x22, 0x3a, 0x22, 0x24, 0x32, 0x2c, 0x37, 0x35, 0x32, 0x2e, 0x38, 0x31, 0x22, 0x2c, 0x22, 0x63, 0x6f, 0x6d, 0x70, 0x61, 0x6e, 0x79, 0x22, 0x3a, 0x22, 0x41, 0x43, 0x52, 0x55, 0x45, 0x58, 0x22, 0x2c, 0x22, 0x65, 0x6d, 0x61, 0x69, 0x6c, 0x22, 0x3a, 0x22, 0x73, 0x75, 0x7a, 0x65, 0x74, 0x74, 0x65, 0x62, 0x75, 0x72, 0x74, 0x6f, 0x6e, 0x40, 0x61, 0x63, 0x72, 0x75, 0x65, 0x78, 0x2e, 0x63, 0x6f, 0x6d, 0x22, 0x2c, 0x22, 0x65, 0x79, 0x65, 0x43, 0x6f, 0x6c, 0x6f, 0x72, 0x22, 0x3a, 0x22, 0x67, 0x72, 0x65, 0x65, 0x6e, 0x22, 0x2c, 0x22, 0x66, 0x61, 0x76, 0x6f, 0x72, 0x69, 0x74, 0x65, 0x46, 0x72, 0x75, 0x69, 0x74, 0x22, 0x3a, 0x22, 0x61, 0x70, 0x70, 0x6c, 0x65, 0x22, 0x2c, 0x22, 0x66, 0x72, 0x69, 0x65, 0x6e, 0x64, 0x73, 0x22, 0x3a, 0x5b, 0x7b, 0x22, 0x69, 0x64, 0x22, 0x3a, 0x30, 0x2c, 0x22, 0x6e, 0x61, 0x6d, 0x65, 0x22, 0x3a, 0x22, 0x53, 0x63, 0x68, 0x6d, 0x69, 0x64, 0x74, 0x20, 0x42, 0x72, 0x61, 0x64, 0x6c, 0x65, 0x79, 0x22, 0x7d, 0x2c, 0x7b, 0x22, 0x69, 0x64, 0x22, 0x3a, 0x31, 0x2c, 0x22, 0x6e, 0x61, 0x6d, 0x65, 0x22, 0x3a, 0x22, 0x52, 0x75, 0x74, 0x68, 0x20, 0x44, 0x65, 0x63, 0x6b, 0x65, 0x72, 0x22, 0x7d, 0x2c, 0x7b, 0x22, 0x69, 0x64, 0x22, 0x3a, 0x32, 0x2c, 0x22, 0x6e, 0x61, 0x6d, 0x65, 0x22, 0x3a, 0x22, 0x4b, 0x61, 0x6e, 0x65, 0x20, 0x42, 0x61, 0x72, 0x72, 0x65, 0x74, 0x74, 0x22, 0x7d, 0x5d, 0x2c, 0x22, 0x67, 0x65, 0x6e, 0x64, 0x65, 0x72, 0x22, 0x3a, 0x22, 0x66, 0x65, 0x6d, 0x61, 0x6c, 0x65, 0x22, 0x2c, 0x22, 0x67, 0x72, 0x65, 0x65, 0x74, 0x69, 0x6e, 0x67, 0x22, 0x3a, 0x22, 0x48, 0x65, 0x6c, 0x6c, 0x6f, 0x2c, 0x20, 0x53, 0x75, 0x7a, 0x65, 0x74, 0x74, 0x65, 0x20, 0x42, 0x75, 0x72, 0x74, 0x6f, 0x6e, 0x21, 0x20, 0x59, 0x6f, 0x75, 0x20, 0x68, 0x61, 0x76, 0x65, 0x20, 0x37, 0x20, 0x75, 0x6e, 0x72, 0x65, 0x61, 0x64, 0x20, 0x6d, 0x65, 0x73, 0x73, 0x61, 0x67, 0x65, 0x73, 0x2e, 0x22, 0x2c, 0x22, 0x67, 0x75, 0x69, 0x64, 0x22, 0x3a, 0x22, 0x32, 0x31, 0x62, 0x33, 0x33, 0x65, 0x65, 0x32, 0x2d, 0x37, 0x30, 0x66, 0x34, 0x2d, 0x34, 0x65, 0x64, 0x38, 0x2d, 0x61, 0x64, 0x63, 0x34, 0x2d, 0x62, 0x65, 0x36, 0x37, 0x37, 0x30, 0x34, 0x34, 0x65, 0x63, 0x34, 0x37, 0x22, 0x2c, 0x22, 0x69, 0x6e, 0x64, 0x65, 0x78, 0x22, 0x3a, 0x37, 0x36, 0x37, 0x2c, 0x22, 0x69, 0x73, 0x41, 0x63, 0x74, 0x69, 0x76, 0x65, 0x22, 0x3a, 0x74, 0x72, 0x75, 0x65, 0x2c, 0x22, 0x6c, 0x61, 0x74, 0x69, 0x74, 0x75, 0x64, 0x65, 0x22, 0x3a, 0x35, 0x34, 0x2e, 0x35, 0x34, 0x32, 0x39, 0x33, 0x36, 0x2c, 0x22, 0x6c, 0x6f, 0x6e, 0x67, 0x69, 0x74, 0x75, 0x64, 0x65, 0x22, 0x3a, 0x2d, 0x34, 0x32, 0x2e, 0x36, 0x38, 0x39, 0x33, 0x34, 0x36, 0x2c, 0x22, 0x6e, 0x61, 0x6d, 0x65, 0x22, 0x3a, 0x22, 0x53, 0x75, 0x7a, 0x65, 0x74, 0x74, 0x65, 0x20, 0x42, 0x75, 0x72, 0x74, 0x6f, 0x6e, 0x22, 0x2c, 0x22, 0x70, 0x68, 0x6f, 0x6e, 0x65, 0x22, 0x3a, 0x22, 0x2b, 0x31, 0x20, 0x28, 0x38, 0x35, 0x31, 0x29, 0x20, 0x35, 0x35, 0x38, 0x2d, 0x32, 0x36, 0x39, 0x34, 0x22, 0x2c, 0x22, 0x70, 0x69, 0x63, 0x74, 0x75, 0x72, 0x65, 0x22, 0x3a, 0x22, 0x68, 0x74, 0x74, 0x70, 0x3a, 0x2f, 0x2f, 0x70, 0x6c, 0x61, 0x63, 0x65, 0x68, 0x6f, 0x6c, 0x64, 0x2e, 0x69, 0x74, 0x2f, 0x33, 0x32, 0x78, 0x33, 0x32, 0x22, 0x2c, 0x22, 0x72, 0x65, 0x67, 0x69, 0x73, 0x74, 0x65, 0x72, 0x65, 0x64, 0x22, 0x3a, 0x22, 0x32, 0x30, 0x31, 0x36, 0x2d, 0x30, 0x37, 0x2d, 0x32, 0x38, 0x54, 0x30, 0x39, 0x3a, 0x31, 0x31, 0x3a, 0x33, 0x34, 0x20, 0x2d, 0x30, 0x36, 0x3a, 0x2d, 0x33, 0x30, 0x22, 0x2c, 0x22, 0x74, 0x61, 0x67, 0x73}

	            	Diff:
	            	--- Expected
	            	+++ Actual

	            	@@ -2,68 +2,68 @@

	            	  00000000  7b 22 5f 69 64 22 3a 22  35 61 38 35 33 39 39 66  |{"_id":"5a85399f|
                    - 00000010  36 39 36 61 64 35 39 64  62 63 37 34 65 63 35 38  |696ad59dbc74ec58|
                    - 00000020  22 2c 22 61 62 6f 75 74  22 3a 22 53 75 6e 74 20  |","about":"Sunt |
                    - 00000030  70 72 6f 69 64 65 6e 74  20 75 74 20 6e 69 73 69  |proident ut nisi|
                    - 00000040  20 70 61 72 69 61 74 75  72 20 6e 6f 6e 20 6e 6f  | pariatur non no|
                    - 00000050  73 74 72 75 64 20 6c 61  62 6f 72 69 73 2e 20 50  |strud laboris. P|
                    - 00000060  72 6f 69 64 65 6e 74 20  61 6c 69 71 75 61 20 75  |roident aliqua u|
                    - 00000070  74 20 65 78 63 65 70 74  65 75 72 20 69 6e 63 69  |t excepteur inci|
                    - 00000080  64 69 64 75 6e 74 2e 20  44 65 73 65 72 75 6e 74  |didunt. Deserunt|
                    - 00000090  20 63 6f 6e 73 65 63 74  65 74 75 72 20 69 64 20  | consectetur id |
                    - 000000a0  65 78 20 61 64 20 69 72  75 72 65 20 63 75 70 69  |ex ad irure cupi|
                    - 000000b0  64 61 74 61 74 20 74 65  6d 70 6f 72 20 71 75 69  |datat tempor qui|
                    - 000000c0  73 20 75 74 20 73 69 74  2e 20 4d 69 6e 69 6d 20  |s ut sit. Minim |
                    - 000000d0  69 72 75 72 65 20 6e 75  6c 6c 61 20 69 6e 63 69  |irure nulla inci|
                    - 000000e0  64 69 64 75 6e 74 20 66  75 67 69 61 74 20 65 6e  |didunt fugiat en|
                    - 000000f0  69 6d 20 6e 75 6c 6c 61  20 6e 69 73 69 20 6e 75  |im nulla nisi nu|
                    - 00000100  6c 6c 61 20 65 73 73 65  20 72 65 70 72 65 68 65  |lla esse reprehe|
                    - 00000110  6e 64 65 72 69 74 2e 20  4d 6f 6c 6c 69 74 20 76  |nderit. Mollit v|
                    - 00000120  6f 6c 75 70 74 61 74 65  20 64 6f 6c 6f 72 65 20  |oluptate dolore |
                    - 00000130  71 75 69 73 20 61 6e 69  6d 20 6e 75 6c 6c 61 20  |quis anim nulla |
                    - 00000140  6f 66 66 69 63 69 61 20  6d 69 6e 69 6d 20 64 75  |officia minim du|
                    - 00000150  69 73 20 65 73 73 65 20  6c 61 62 6f 72 75 6d 20  |is esse laborum |
                    - 00000160  65 6e 69 6d 20 6e 69 73  69 20 6d 6f 6c 6c 69 74  |enim nisi mollit|
                    - 00000170  20 69 70 73 75 6d 2e 5c  72 5c 6e 22 2c 22 61 64  | ipsum.\r\n","ad|
                    - 00000180  64 72 65 73 73 22 3a 22  32 37 32 20 42 61 6e 6b  |dress":"272 Bank|
                    - 00000190  20 53 74 72 65 65 74 2c  20 57 61 69 6b 65 6c 65  | Street, Waikele|
                    - 000001a0  2c 20 4f 68 69 6f 2c 20  37 30 32 38 22 2c 22 61  |, Ohio, 7028","a|
                    - 000001b0  67 65 22 3a 32 39 2c 22  62 61 6c 61 6e 63 65 22  |ge":29,"balance"|
                    - 000001c0  3a 22 24 31 2c 35 38 37  2e 30 39 22 2c 22 63 6f  |:"$1,587.09","co|
                    - 000001d0  6d 70 61 6e 79 22 3a 22  50 4c 45 58 49 41 22 2c  |mpany":"PLEXIA",|
                    - 000001e0  22 65 6d 61 69 6c 22 3a  22 67 65 6e 65 76 69 65  |"email":"genevie|
                    - 000001f0  76 65 67 65 6e 74 72 79  40 70 6c 65 78 69 61 2e  |vegentry@plexia.|
                    - 00000200  63 6f 6d 22 2c 22 65 79  65 43 6f 6c 6f 72 22 3a  |com","eyeColor":|
                    - 00000210  22 62 6c 75 65 22 2c 22  66 61 76 6f 72 69 74 65  |"blue","favorite|
                    - 00000220  46 72 75 69 74 22 3a 22  62 61 6e 61 6e 61 22 2c  |Fruit":"banana",|
                    - 00000230  22 66 72 69 65 6e 64 73  22 3a 5b 7b 22 69 64 22  |"friends":[{"id"|
                    - 00000240  3a 30 2c 22 6e 61 6d 65  22 3a 22 53 70 65 6e 63  |:0,"name":"Spenc|
                    - 00000250  65 72 20 44 61 77 73 6f  6e 22 7d 2c 7b 22 69 64  |er Dawson"},{"id|
                    - 00000260  22 3a 31 2c 22 6e 61 6d  65 22 3a 22 53 68 65 6c  |":1,"name":"Shel|
                    - 00000270  6c 65 79 20 42 75 72 6b  73 22 7d 2c 7b 22 69 64  |ley Burks"},{"id|
                    - 00000280  22 3a 32 2c 22 6e 61 6d  65 22 3a 22 47 69 62 73  |":2,"name":"Gibs|
                    - 00000290  6f 6e 20 46 6f 77 6c 65  72 22 7d 5d 2c 22 67 65  |on Fowler"}],"ge|
                    - 000002a0  6e 64 65 72 22 3a 22 66  65 6d 61 6c 65 22 2c 22  |nder":"female","|
                    - 000002b0  67 72 65 65 74 69 6e 67  22 3a 22 48 65 6c 6c 6f  |greeting":"Hello|
                    - 000002c0  2c 20 47 65 6e 65 76 69  65 76 65 20 47 65 6e 74  |, Genevieve Gent|
                    - 000002d0  72 79 21 20 59 6f 75 20  68 61 76 65 20 38 20 75  |ry! You have 8 u|
                    - 000002e0  6e 72 65 61 64 20 6d 65  73 73 61 67 65 73 2e 22  |nread messages."|
                    - 000002f0  2c 22 67 75 69 64 22 3a  22 37 33 30 30 66 34 61  |,"guid":"7300f4a|
                    - 00000300  37 2d 65 36 64 37 2d 34  63 66 62 2d 62 61 35 31  |7-e6d7-4cfb-ba51|
                    - 00000310  2d 63 34 31 39 34 64 62  32 32 63 64 34 22 2c 22  |-c4194db22cd4","|
                    - 00000320  69 6e 64 65 78 22 3a 37  37 31 2c 22 69 73 41 63  |index":771,"isAc|
                    - 00000330  74 69 76 65 22 3a 74 72  75 65 2c 22 6c 61 74 69  |tive":true,"lati|
                    - 00000340  74 75 64 65 22 3a 2d 38  32 2e 37 32 38 38 38 38  |tude":-82.728888|
                    - 00000350  2c 22 6c 6f 6e 67 69 74  75 64 65 22 3a 2d 31 34  |,"longitude":-14|
                    - 00000360  2e 37 32 36 38 39 34 2c  22 6e 61 6d 65 22 3a 22  |.726894,"name":"|
                    - 00000370  47 65 6e 65 76 69 65 76  65 20 47 65 6e 74 72 79  |Genevieve Gentry|
                    - 00000380  22 2c 22 70 68 6f 6e 65  22 3a 22 2b 31 20 28 38  |","phone":"+1 (8|
                    - 00000390  35 35 29 20 35 38 30 2d  32 35 39 30 22 2c 22 70  |55) 580-2590","p|
                    - 000003a0  69 63 74 75 72 65 22 3a  22 68 74 74 70 3a 2f 2f  |icture":"http://|
                    - 000003b0  70 6c 61 63 65 68 6f 6c  64 2e 69 74 2f 33 32 78  |placehold.it/32x|
                    - 000003c0  33 32 22 2c 22 72 65 67  69 73 74 65 72 65 64 22  |32","registered"|
                    - 000003d0  3a 22 32 30 31 34 2d 30  36 2d 32 38 54 30 38 3a  |:"2014-06-28T08:|
                    - 000003e0  33 37 3a 34 37 20 2d 30  36 3a 2d 33 30 22 2c 22  |37:47 -06:-30","|
                    - 000003f0  74 61 67 73 22 3a 5b 22  6d 69 6e 69 6d 22 2c 22  |tags":["minim","|
                    - 00000400  61 64 69 70 69 73 69 63  69 6e 67 22 2c 22 75 74  |adipisicing","ut|
                    - 00000410  22 2c 22 6d 69 6e 69 6d  22 2c 22 64 75 69 73 22  |","minim","duis"|
                    - 00000420  2c 22 65 74 22 2c 22 61  6e 69 6d 22 5d 7d        |,"et","anim"]}|
	            	+ 00000010  30 64 63 32 34 65 61 34  65 62 30 61 36 37 64 33  |0dc24ea4eb0a67d3|
	            	+ 00000020  22 2c 22 61 62 6f 75 74  22 3a 22 49 6e 20 61 64  |","about":"In ad|
	            	+ 00000030  20 6f 66 66 69 63 69 61  20 6d 69 6e 69 6d 20 65  | officia minim e|
	            	+ 00000040  6e 69 6d 20 64 75 69 73  20 75 74 20 63 6f 6e 73  |nim duis ut cons|
	            	+ 00000050  65 71 75 61 74 2e 20 45  69 75 73 6d 6f 64 20 69  |equat. Eiusmod i|
	            	+ 00000060  64 20 63 75 6c 70 61 20  6e 69 73 69 20 61 75 74  |d culpa nisi aut|
	            	+ 00000070  65 20 64 6f 6c 6f 72 20  69 72 75 72 65 20 76 65  |e dolor irure ve|
	            	+ 00000080  6c 69 74 20 61 6e 69 6d  20 73 69 74 20 63 6f 6e  |lit anim sit con|
	            	+ 00000090  73 65 63 74 65 74 75 72  20 65 78 65 72 63 69 74  |sectetur exercit|
	            	+ 000000a0  61 74 69 6f 6e 20 64 65  73 65 72 75 6e 74 2e 20  |ation deserunt. |
	            	+ 000000b0  54 65 6d 70 6f 72 20 64  6f 6c 6f 72 20 70 61 72  |Tempor dolor par|
	            	+ 000000c0  69 61 74 75 72 20 76 65  6e 69 61 6d 20 63 6f 6e  |iatur veniam con|
	            	+ 000000d0  73 65 71 75 61 74 20 6c  61 62 6f 72 65 20 71 75  |sequat labore qu|
	            	+ 000000e0  69 20 76 6f 6c 75 70 74  61 74 65 20 6e 6f 6e 2e  |i voluptate non.|
	            	+ 000000f0  20 45 75 20 65 6e 69 6d  20 6f 63 63 61 65 63 61  | Eu enim occaeca|
	            	+ 00000100  74 20 70 61 72 69 61 74  75 72 20 6f 63 63 61 65  |t pariatur occae|
	            	+ 00000110  63 61 74 20 6e 75 6c 6c  61 20 65 61 20 4c 6f 72  |cat nulla ea Lor|
	            	+ 00000120  65 6d 20 63 6f 6e 73 65  71 75 61 74 20 63 6f 6d  |em consequat com|
	            	+ 00000130  6d 6f 64 6f 20 6c 61 62  6f 72 75 6d 20 74 65 6d  |modo laborum tem|
	            	+ 00000140  70 6f 72 20 63 6f 6e 73  65 71 75 61 74 20 65 75  |por consequat eu|
	            	+ 00000150  2e 20 44 6f 6c 6f 72 20  65 75 20 6c 61 62 6f 72  |. Dolor eu labor|
	            	+ 00000160  65 20 61 75 74 65 20 65  74 20 64 6f 6c 6f 72 20  |e aute et dolor |
	            	+ 00000170  69 64 20 65 61 20 6d 61  67 6e 61 20 73 69 6e 74  |id ea magna sint|
	            	+ 00000180  20 4c 6f 72 65 6d 20 6d  69 6e 69 6d 20 6e 6f 73  | Lorem minim nos|
	            	+ 00000190  74 72 75 64 20 69 6e 63  69 64 69 64 75 6e 74 20  |trud incididunt |
	            	+ 000001a0  6f 66 66 69 63 69 61 2e  5c 72 5c 6e 22 2c 22 61  |officia.\r\n","a|
	            	+ 000001b0  64 64 72 65 73 73 22 3a  22 39 36 31 20 43 68 72  |ddress":"961 Chr|
	            	+ 000001c0  69 73 74 6f 70 68 65 72  20 41 76 65 6e 75 65 2c  |istopher Avenue,|
	            	+ 000001d0  20 54 72 75 63 6b 73 76  69 6c 6c 65 2c 20 50 75  | Trucksville, Pu|
	            	+ 000001e0  65 72 74 6f 20 52 69 63  6f 2c 20 34 36 36 31 22  |erto Rico, 4661"|
	            	+ 000001f0  2c 22 61 67 65 22 3a 33  31 2c 22 62 61 6c 61 6e  |,"age":31,"balan|
	            	+ 00000200  63 65 22 3a 22 24 32 2c  37 35 32 2e 38 31 22 2c  |ce":"$2,752.81",|
	            	+ 00000210  22 63 6f 6d 70 61 6e 79  22 3a 22 41 43 52 55 45  |"company":"ACRUE|
	            	+ 00000220  58 22 2c 22 65 6d 61 69  6c 22 3a 22 73 75 7a 65  |X","email":"suze|
	            	+ 00000230  74 74 65 62 75 72 74 6f  6e 40 61 63 72 75 65 78  |tteburton@acruex|
	            	+ 00000240  2e 63 6f 6d 22 2c 22 65  79 65 43 6f 6c 6f 72 22  |.com","eyeColor"|
	            	+ 00000250  3a 22 67 72 65 65 6e 22  2c 22 66 61 76 6f 72 69  |:"green","favori|
	            	+ 00000260  74 65 46 72 75 69 74 22  3a 22 61 70 70 6c 65 22  |teFruit":"apple"|
	            	+ 00000270  2c 22 66 72 69 65 6e 64  73 22 3a 5b 7b 22 69 64  |,"friends":[{"id|
	            	+ 00000280  22 3a 30 2c 22 6e 61 6d  65 22 3a 22 53 63 68 6d  |":0,"name":"Schm|
	            	+ 00000290  69 64 74 20 42 72 61 64  6c 65 79 22 7d 2c 7b 22  |idt Bradley"},{"|
	            	+ 000002a0  69 64 22 3a 31 2c 22 6e  61 6d 65 22 3a 22 52 75  |id":1,"name":"Ru|
	            	+ 000002b0  74 68 20 44 65 63 6b 65  72 22 7d 2c 7b 22 69 64  |th Decker"},{"id|
	            	+ 000002c0  22 3a 32 2c 22 6e 61 6d  65 22 3a 22 4b 61 6e 65  |":2,"name":"Kane|
	            	+ 000002d0  20 42 61 72 72 65 74 74  22 7d 5d 2c 22 67 65 6e  | Barrett"}],"gen|
	            	+ 000002e0  64 65 72 22 3a 22 66 65  6d 61 6c 65 22 2c 22 67  |der":"female","g|
	            	+ 000002f0  72 65 65 74 69 6e 67 22  3a 22 48 65 6c 6c 6f 2c  |reeting":"Hello,|
	            	+ 00000300  20 53 75 7a 65 74 74 65  20 42 75 72 74 6f 6e 21  | Suzette Burton!|
	            	+ 00000310  20 59 6f 75 20 68 61 76  65 20 37 20 75 6e 72 65  | You have 7 unre|
	            	+ 00000320  61 64 20 6d 65 73 73 61  67 65 73 2e 22 2c 22 67  |ad messages.","g|
	            	+ 00000330  75 69 64 22 3a 22 32 31  62 33 33 65 65 32 2d 37  |uid":"21b33ee2-7|
	            	+ 00000340  30 66 34 2d 34 65 64 38  2d 61 64 63 34 2d 62 65  |0f4-4ed8-adc4-be|
	            	+ 00000350  36 37 37 30 34 34 65 63  34 37 22 2c 22 69 6e 64  |677044ec47","ind|
	            	+ 00000360  65 78 22 3a 37 36 37 2c  22 69 73 41 63 74 69 76  |ex":767,"isActiv|
	            	+ 00000370  65 22 3a 74 72 75 65 2c  22 6c 61 74 69 74 75 64  |e":true,"latitud|
	            	+ 00000380  65 22 3a 35 34 2e 35 34  32 39 33 36 2c 22 6c 6f  |e":54.542936,"lo|
	            	+ 00000390  6e 67 69 74 75 64 65 22  3a 2d 34 32 2e 36 38 39  |ngitude":-42.689|
	            	+ 000003a0  33 34 36 2c 22 6e 61 6d  65 22 3a 22 53 75 7a 65  |346,"name":"Suze|
	            	+ 000003b0  74 74 65 20 42 75 72 74  6f 6e 22 2c 22 70 68 6f  |tte Burton","pho|
	            	+ 000003c0  6e 65 22 3a 22 2b 31 20  28 38 35 31 29 20 35 35  |ne":"+1 (851) 55|
	            	+ 000003d0  38 2d 32 36 39 34 22 2c  22 70 69 63 74 75 72 65  |8-2694","picture|
	            	+ 000003e0  22 3a 22 68 74 74 70 3a  2f 2f 70 6c 61 63 65 68  |":"http://placeh|
	            	+ 000003f0  6f 6c 64 2e 69 74 2f 33  32 78 33 32 22 2c 22 72  |old.it/32x32","r|
	            	+ 00000400  65 67 69 73 74 65 72 65  64 22 3a 22 32 30 31 36  |egistered":"2016|
	            	+ 00000410  2d 30 37 2d 32 38 54 30  39 3a 31 31 3a 33 34 20  |-07-28T09:11:34 |
	            	+ 00000420  2d 30 36 3a 2d 33 30 22  2c 22 74 61 67 73        |-06:-30","tags|
	            	 }

	Test:       	TestJsoniterParallel

	Messages:   	marshalled values different at index 771
FAIL
exit status 1
FAIL	github.com/sudo-suhas/jsoniter-parallel	0.337s
